<html>
<body>
<pre>
<h1>µVision Build Log</h1>
<h2>Tool Versions:</h2>
IDE-Version: ¦ÌVision V5.24.2.0
Copyright (C) 2017 ARM Ltd and ARM Germany GmbH. All rights reserved.
License Information: s HP, HP Inc., LIC=IK1BF-619RF-HLSCL-0X18Y-MY3S4-RXVSR
 
Tool Versions:
Toolchain:       MDK-ARM Plus  Version: 5.24.1
Toolchain Path:  G:\Keil5\ARM\ARMCC\Bin
C Compiler:      Armcc.exe V5.06 update 5 (build 528)
Assembler:       Armasm.exe V5.06 update 5 (build 528)
Linker/Locator:  ArmLink.exe V5.06 update 5 (build 528)
Library Manager: ArmAr.exe V5.06 update 5 (build 528)
Hex Converter:   FromElf.exe V5.06 update 5 (build 528)
CPU DLL:         SARMCM3.DLL V5.24.1
Dialog DLL:      DCM.DLL V1.16.0.0
Target DLL:      STLink\ST-LINKIII-KEIL_SWO.dll V3.0.1.0
Dialog DLL:      TCM.DLL V1.32.0.0
 
<h2>Project:</h2>
G:\STM32Project\ºÚÏ»×Ó¼ì²âÇãÐ±ÓëÕð¶¯\Project.uvprojx
Project File Date:  04/15/2026

<h2>Output:</h2>
*** Using Compiler 'V5.06 update 5 (build 528)', folder: 'G:\Keil5\ARM\ARMCC\Bin'
Build target 'Target 1'
compiling app.c...
User\app.h(9): warning:  #1-D: last line of file ends without a newline
  #endif
.\Hardware\MPU6050.h(11): warning:  #1-D: last line of file ends without a newline
  #endif
User\motion_detect.h(25): warning:  #1-D: last line of file ends without a newline
  #endif
User\blackbox_log.h(25): warning:  #1-D: last line of file ends without a newline
  #endif
User\ui.h(11): warning:  #1-D: last line of file ends without a newline
  #endif
User\alarm.h(9): warning:  #1-D: last line of file ends without a newline
  #endif
.\Hardware\W25QXX.h(12): warning:  #1-D: last line of file ends without a newline
  #endif
.\Hardware\serial.h(11): warning:  #1-D: last line of file ends without a newline
  #endif
User\app.c(170): warning:  #1-D: last line of file ends without a newline
  }
User\app.c: 9 warnings, 0 errors
linking...
Program Size: Code=9642 RO-data=1790 RW-data=52 ZI-data=1644  
".\Objects\Project.axf" - 0 Error(s), 9 Warning(s).

<h2>Software Packages used:</h2>

Package Vendor: Keil
                http://www.keil.com/pack/Keil.STM32F1xx_DFP.2.2.0.pack
                Keil.STM32F1xx_DFP.2.2.0
                STMicroelectronics STM32F1 Series Device Support, Drivers and Examples

<h2>Collection of Component include folders:</h2>
  .\RTE\_Target_1
  G:\Keil5\ARM\PACK\Keil\STM32F1xx_DFP\2.2.0\Device\Include

<h2>Collection of Component Files used:</h2>
Build Time Elapsed:  00:00:00
</pre>
</body>
</html>
