Component: ARM Compiler 5.06 update 5 (build 528) Tool: armlink [4d35e2]

==============================================================================

Section Cross References

    startup_stm32f10x_md.o(STACK) refers (Special) to heapauxi.o(.text) for __use_two_region_memory
    startup_stm32f10x_md.o(HEAP) refers (Special) to heapauxi.o(.text) for __use_two_region_memory
    startup_stm32f10x_md.o(RESET) refers (Special) to heapauxi.o(.text) for __use_two_region_memory
    startup_stm32f10x_md.o(RESET) refers to startup_stm32f10x_md.o(STACK) for __initial_sp
    startup_stm32f10x_md.o(RESET) refers to startup_stm32f10x_md.o(.text) for Reset_Handler
    startup_stm32f10x_md.o(RESET) refers to stm32f10x_it.o(i.NMI_Handler) for NMI_Handler
    startup_stm32f10x_md.o(RESET) refers to stm32f10x_it.o(i.HardFault_Handler) for HardFault_Handler
    startup_stm32f10x_md.o(RESET) refers to stm32f10x_it.o(i.MemManage_Handler) for MemManage_Handler
    startup_stm32f10x_md.o(RESET) refers to stm32f10x_it.o(i.BusFault_Handler) for BusFault_Handler
    startup_stm32f10x_md.o(RESET) refers to stm32f10x_it.o(i.UsageFault_Handler) for UsageFault_Handler
    startup_stm32f10x_md.o(RESET) refers to stm32f10x_it.o(i.SVC_Handler) for SVC_Handler
    startup_stm32f10x_md.o(RESET) refers to stm32f10x_it.o(i.DebugMon_Handler) for DebugMon_Handler
    startup_stm32f10x_md.o(RESET) refers to stm32f10x_it.o(i.PendSV_Handler) for PendSV_Handler
    startup_stm32f10x_md.o(RESET) refers to stm32f10x_it.o(i.SysTick_Handler) for SysTick_Handler
    startup_stm32f10x_md.o(.text) refers (Special) to heapauxi.o(.text) for __use_two_region_memory
    startup_stm32f10x_md.o(.text) refers to system_stm32f10x.o(i.SystemInit) for SystemInit
    startup_stm32f10x_md.o(.text) refers to __main.o(!!!main) for __main
    startup_stm32f10x_md.o(.text) refers to startup_stm32f10x_md.o(HEAP) for Heap_Mem
    startup_stm32f10x_md.o(.text) refers to startup_stm32f10x_md.o(STACK) for Stack_Mem
    system_stm32f10x.o(i.SetSysClock) refers to system_stm32f10x.o(i.SetSysClockTo72) for SetSysClockTo72
    system_stm32f10x.o(i.SystemCoreClockUpdate) refers to system_stm32f10x.o(.data) for SystemCoreClock
    system_stm32f10x.o(i.SystemInit) refers to system_stm32f10x.o(i.SetSysClock) for SetSysClock
    main.o(i.main) refers to app.o(i.App_Init) for App_Init
    main.o(i.main) refers to app.o(i.App_Loop) for App_Loop
    main.o(i.main) refers to delay.o(i.Delay_ms) for Delay_ms
    app.o(i.App_Init) refers to ui.o(i.UI_Init) for UI_Init
    app.o(i.App_Init) refers to alarm.o(i.Alarm_Init) for Alarm_Init
    app.o(i.App_Init) refers to mpu6050.o(i.MPU6050_Init) for MPU6050_Init
    app.o(i.App_Init) refers to w25qxx.o(i.W25Qxx_Init) for W25Qxx_Init
    app.o(i.App_Init) refers to blackbox_log.o(i.BlackBoxLog_Init) for BlackBoxLog_Init
    app.o(i.App_Init) refers to ui.o(i.UI_ShowMessage) for UI_ShowMessage
    app.o(i.App_Init) refers to mpu6050.o(i.MPU6050_GetData) for MPU6050_GetData
    app.o(i.App_Init) refers to delay.o(i.Delay_ms) for Delay_ms
    app.o(i.App_Init) refers to motion_detect.o(i.MotionDetect_SetBaseline) for MotionDetect_SetBaseline
    app.o(i.App_Init) refers to app.o(.data) for App_RunTimeMs
    app.o(i.App_Loop) refers to mpu6050.o(i.MPU6050_GetData) for MPU6050_GetData
    app.o(i.App_Loop) refers to motion_detect.o(i.MotionDetect_Update) for MotionDetect_Update
    app.o(i.App_Loop) refers to blackbox_log.o(i.BlackBoxLog_Append) for BlackBoxLog_Append
    app.o(i.App_Loop) refers to blackbox_log.o(i.BlackBoxLog_GetCount) for BlackBoxLog_GetCount
    app.o(i.App_Loop) refers to ui.o(i.UI_Update) for UI_Update
    app.o(i.App_Loop) refers to alarm.o(i.Alarm_Update) for Alarm_Update
    app.o(i.App_Loop) refers to app.o(.bss) for App_State
    app.o(i.App_Loop) refers to app.o(.data) for App_LastEvent
    motion_detect.o(i.MotionDetect_CalcPitch_x10) refers to fflt_clz.o(x$fpl$fflt) for __aeabi_i2f
    motion_detect.o(i.MotionDetect_CalcPitch_x10) refers to atan2f.o(i.atan2f) for atan2f
    motion_detect.o(i.MotionDetect_CalcPitch_x10) refers to fmul.o(x$fpl$fmul) for __aeabi_fmul
    motion_detect.o(i.MotionDetect_CalcPitch_x10) refers to ffix.o(x$fpl$ffix) for __aeabi_f2iz
    motion_detect.o(i.MotionDetect_CalcRoll_x10) refers to fflt_clz.o(x$fpl$fflt) for __aeabi_i2f
    motion_detect.o(i.MotionDetect_CalcRoll_x10) refers to fmul.o(x$fpl$fmul) for __aeabi_fmul
    motion_detect.o(i.MotionDetect_CalcRoll_x10) refers to faddsub_clz.o(x$fpl$fadd) for __aeabi_fadd
    motion_detect.o(i.MotionDetect_CalcRoll_x10) refers to sqrtf.o(i.sqrtf) for sqrtf
    motion_detect.o(i.MotionDetect_CalcRoll_x10) refers to atan2f.o(i.atan2f) for atan2f
    motion_detect.o(i.MotionDetect_CalcRoll_x10) refers to ffix.o(x$fpl$ffix) for __aeabi_f2iz
    motion_detect.o(i.MotionDetect_SetBaseline) refers to motion_detect.o(i.MotionDetect_CalcPitch_x10) for MotionDetect_CalcPitch_x10
[...]
    Removing stm32f10x_sdio.o(i.SDIO_SetSDIOOperation), (12 bytes).
    Removing stm32f10x_sdio.o(i.SDIO_SetSDIOReadWaitMode), (12 bytes).
    Removing stm32f10x_sdio.o(i.SDIO_StartSDIOReadWait), (12 bytes).
    Removing stm32f10x_sdio.o(i.SDIO_StopSDIOReadWait), (12 bytes).
    Removing stm32f10x_sdio.o(i.SDIO_StructInit), (16 bytes).
    Removing stm32f10x_sdio.o(i.SDIO_WriteData), (12 bytes).
    Removing stm32f10x_spi.o(i.I2S_Cmd), (24 bytes).
    Removing stm32f10x_spi.o(i.I2S_Init), (232 bytes).
    Removing stm32f10x_spi.o(i.I2S_StructInit), (20 bytes).
    Removing stm32f10x_spi.o(i.SPI_BiDirectionalLineConfig), (28 bytes).
    Removing stm32f10x_spi.o(i.SPI_CalculateCRC), (24 bytes).
    Removing stm32f10x_spi.o(i.SPI_DataSizeConfig), (18 bytes).
    Removing stm32f10x_spi.o(i.SPI_GetCRC), (16 bytes).
    Removing stm32f10x_spi.o(i.SPI_GetCRCPolynomial), (6 bytes).
    Removing stm32f10x_spi.o(i.SPI_I2S_ClearFlag), (6 bytes).
    Removing stm32f10x_spi.o(i.SPI_I2S_ClearITPendingBit), (20 bytes).
    Removing stm32f10x_spi.o(i.SPI_I2S_DMACmd), (18 bytes).
    Removing stm32f10x_spi.o(i.SPI_I2S_DeInit), (88 bytes).
    Removing stm32f10x_spi.o(i.SPI_I2S_GetITStatus), (52 bytes).
    Removing stm32f10x_spi.o(i.SPI_I2S_ITConfig), (32 bytes).
    Removing stm32f10x_spi.o(i.SPI_NSSInternalSoftwareConfig), (30 bytes).
    Removing stm32f10x_spi.o(i.SPI_SSOutputCmd), (24 bytes).
    Removing stm32f10x_spi.o(i.SPI_StructInit), (24 bytes).
    Removing stm32f10x_spi.o(i.SPI_TransmitCRC), (10 bytes).
    Removing stm32f10x_tim.o(i.TI1_Config), (128 bytes).
    Removing stm32f10x_tim.o(i.TI2_Config), (152 bytes).
    Removing stm32f10x_tim.o(i.TI3_Config), (144 bytes).
    Removing stm32f10x_tim.o(i.TI4_Config), (152 bytes).
    Removing stm32f10x_tim.o(i.TIM_ARRPreloadConfig), (24 bytes).
    Removing stm32f10x_tim.o(i.TIM_BDTRConfig), (32 bytes).
    Removing stm32f10x_tim.o(i.TIM_BDTRStructInit), (18 bytes).
    Removing stm32f10x_tim.o(i.TIM_CCPreloadControl), (24 bytes).
    Removing stm32f10x_tim.o(i.TIM_CCxCmd), (30 bytes).
    Removing stm32f10x_tim.o(i.TIM_CCxNCmd), (30 bytes).
    Removing stm32f10x_tim.o(i.TIM_ClearFlag), (6 bytes).
    Removing stm32f10x_tim.o(i.TIM_ClearITPendingBit), (6 bytes).
    Removing stm32f10x_tim.o(i.TIM_ClearOC1Ref), (18 bytes).
    Removing stm32f10x_tim.o(i.TIM_ClearOC2Ref), (24 bytes).
    Removing stm32f10x_tim.o(i.TIM_ClearOC3Ref), (18 bytes).
    Removing stm32f10x_tim.o(i.TIM_ClearOC4Ref), (24 bytes).
    Removing stm32f10x_tim.o(i.TIM_Cmd), (24 bytes).
    Removing stm32f10x_tim.o(i.TIM_CounterModeConfig), (18 bytes).
    Removing stm32f10x_tim.o(i.TIM_CtrlPWMOutputs), (30 bytes).
    Removing stm32f10x_tim.o(i.TIM_DMACmd), (18 bytes).
    Removing stm32f10x_tim.o(i.TIM_DMAConfig), (10 bytes).
    Removing stm32f10x_tim.o(i.TIM_DeInit), (488 bytes).
    Removing stm32f10x_tim.o(i.TIM_ETRClockMode1Config), (54 bytes).
    Removing stm32f10x_tim.o(i.TIM_ETRClockMode2Config), (32 bytes).
    Removing stm32f10x_tim.o(i.TIM_ETRConfig), (28 bytes).
    Removing stm32f10x_tim.o(i.TIM_EncoderInterfaceConfig), (66 bytes).
    Removing stm32f10x_tim.o(i.TIM_ForcedOC1Config), (18 bytes).
    Removing stm32f10x_tim.o(i.TIM_ForcedOC2Config), (26 bytes).
    Removing stm32f10x_tim.o(i.TIM_ForcedOC3Config), (18 bytes).
    Removing stm32f10x_tim.o(i.TIM_ForcedOC4Config), (26 bytes).
    Removing stm32f10x_tim.o(i.TIM_GenerateEvent), (4 bytes).
    Removing stm32f10x_tim.o(i.TIM_GetCapture1), (6 bytes).
    Removing stm32f10x_tim.o(i.TIM_GetCapture2), (6 bytes).
    Removing stm32f10x_tim.o(i.TIM_GetCapture3), (6 bytes).
    Removing stm32f10x_tim.o(i.TIM_GetCapture4), (8 bytes).
    Removing stm32f10x_tim.o(i.TIM_GetCounter), (6 bytes).
    Removing stm32f10x_tim.o(i.TIM_GetFlagStatus), (18 bytes).
    Removing stm32f10x_tim.o(i.TIM_GetITStatus), (34 bytes).
    Removing stm32f10x_tim.o(i.TIM_GetPrescaler), (6 bytes).
    Removing stm32f10x_tim.o(i.TIM_ICInit), (172 bytes).
    Removing stm32f10x_tim.o(i.TIM_ICStructInit), (18 bytes).
    Removing stm32f10x_tim.o(i.TIM_ITConfig), (18 bytes).
    Removing stm32f10x_tim.o(i.TIM_ITRxExternalClockConfig), (24 bytes).
    Removing stm32f10x_tim.o(i.TIM_InternalClockConfig), (12 bytes).
    Removing stm32f10x_tim.o(i.TIM_OC1FastConfig), (18 bytes).
    Removing stm32f10x_tim.o(i.TIM_OC1Init), (152 bytes).
    Removing stm32f10x_tim.o(i.TIM_OC1NPolarityConfig), (18 bytes).
    Removing stm32f10x_tim.o(i.TIM_OC1PolarityConfig), (18 bytes).
    Removing stm32f10x_tim.o(i.TIM_OC1PreloadConfig), (18 bytes).
    Removing stm32f10x_tim.o(i.TIM_OC2FastConfig), (26 bytes).
    Removing stm32f10x_tim.o(i.TIM_OC2Init), (164 bytes).
    Removing stm32f10x_tim.o(i.TIM_OC2NPolarityConfig), (26 bytes).
    Removing stm32f10x_tim.o(i.TIM_OC2PolarityConfig), (26 bytes).
    Removing stm32f10x_tim.o(i.TIM_OC2PreloadConfig), (26 bytes).
    Removing stm32f10x_tim.o(i.TIM_OC3FastConfig), (18 bytes).
    Removing stm32f10x_tim.o(i.TIM_OC3Init), (160 bytes).
    Removing stm32f10x_tim.o(i.TIM_OC3NPolarityConfig), (26 bytes).
    Removing stm32f10x_tim.o(i.TIM_OC3PolarityConfig), (26 bytes).
    Removing stm32f10x_tim.o(i.TIM_OC3PreloadConfig), (18 bytes).
    Removing stm32f10x_tim.o(i.TIM_OC4FastConfig), (26 bytes).
    Removing stm32f10x_tim.o(i.TIM_OC4Init), (124 bytes).
    Removing stm32f10x_tim.o(i.TIM_OC4PolarityConfig), (26 bytes).
    Removing stm32f10x_tim.o(i.TIM_OC4PreloadConfig), (26 bytes).
    Removing stm32f10x_tim.o(i.TIM_OCStructInit), (20 bytes).
    Removing stm32f10x_tim.o(i.TIM_PWMIConfig), (124 bytes).
    Removing stm32f10x_tim.o(i.TIM_PrescalerConfig), (6 bytes).
    Removing stm32f10x_tim.o(i.TIM_SelectCCDMA), (24 bytes).
    Removing stm32f10x_tim.o(i.TIM_SelectCOM), (24 bytes).
    Removing stm32f10x_tim.o(i.TIM_SelectHallSensor), (24 bytes).
    Removing stm32f10x_tim.o(i.TIM_SelectInputTrigger), (18 bytes).
    Removing stm32f10x_tim.o(i.TIM_SelectMasterSlaveMode), (18 bytes).
    Removing stm32f10x_tim.o(i.TIM_SelectOCxM), (82 bytes).
    Removing stm32f10x_tim.o(i.TIM_SelectOnePulseMode), (18 bytes).
    Removing stm32f10x_tim.o(i.TIM_SelectOutputTrigger), (18 bytes).
    Removing stm32f10x_tim.o(i.TIM_SelectSlaveMode), (18 bytes).
    Removing stm32f10x_tim.o(i.TIM_SetAutoreload), (4 bytes).
    Removing stm32f10x_tim.o(i.TIM_SetClockDivision), (18 bytes).
    Removing stm32f10x_tim.o(i.TIM_SetCompare1), (4 bytes).
    Removing stm32f10x_tim.o(i.TIM_SetCompare2), (4 bytes).
    Removing stm32f10x_tim.o(i.TIM_SetCompare3), (4 bytes).
    Removing stm32f10x_tim.o(i.TIM_SetCompare4), (6 bytes).
    Removing stm32f10x_tim.o(i.TIM_SetCounter), (4 bytes).
    Removing stm32f10x_tim.o(i.TIM_SetIC1Prescaler), (18 bytes).
    Removing stm32f10x_tim.o(i.TIM_SetIC2Prescaler), (26 bytes).
    Removing stm32f10x_tim.o(i.TIM_SetIC3Prescaler), (18 bytes).
    Removing stm32f10x_tim.o(i.TIM_SetIC4Prescaler), (26 bytes).
    Removing stm32f10x_tim.o(i.TIM_TIxExternalClockConfig), (62 bytes).
    Removing stm32f10x_tim.o(i.TIM_TimeBaseInit), (164 bytes).
    Removing stm32f10x_tim.o(i.TIM_TimeBaseStructInit), (18 bytes).
    Removing stm32f10x_tim.o(i.TIM_UpdateDisableConfig), (24 bytes).
    Removing stm32f10x_tim.o(i.TIM_UpdateRequestConfig), (24 bytes).
    Removing stm32f10x_usart.o(i.USART_ClearFlag), (18 bytes).
    Removing stm32f10x_usart.o(i.USART_ClearITPendingBit), (30 bytes).
    Removing stm32f10x_usart.o(i.USART_ClockInit), (34 bytes).
    Removing stm32f10x_usart.o(i.USART_ClockStructInit), (12 bytes).
    Removing stm32f10x_usart.o(i.USART_Cmd), (24 bytes).
    Removing stm32f10x_usart.o(i.USART_DMACmd), (18 bytes).
    Removing stm32f10x_usart.o(i.USART_DeInit), (156 bytes).
    Removing stm32f10x_usart.o(i.USART_GetFlagStatus), (26 bytes).
    Removing stm32f10x_usart.o(i.USART_GetITStatus), (84 bytes).
    Removing stm32f10x_usart.o(i.USART_HalfDuplexCmd), (24 bytes).
    Removing stm32f10x_usart.o(i.USART_ITConfig), (74 bytes).
    Removing stm32f10x_usart.o(i.USART_Init), (216 bytes).
    Removing stm32f10x_usart.o(i.USART_IrDACmd), (24 bytes).
    Removing stm32f10x_usart.o(i.USART_IrDAConfig), (18 bytes).
    Removing stm32f10x_usart.o(i.USART_LINBreakDetectLengthConfig), (18 bytes).
    Removing stm32f10x_usart.o(i.USART_LINCmd), (24 bytes).
    Removing stm32f10x_usart.o(i.USART_OneBitMethodCmd), (24 bytes).
    Removing stm32f10x_usart.o(i.USART_OverSampling8Cmd), (22 bytes).
    Removing stm32f10x_usart.o(i.USART_ReceiveData), (10 bytes).
    Removing stm32f10x_usart.o(i.USART_ReceiverWakeUpCmd), (24 bytes).
    Removing stm32f10x_usart.o(i.USART_SendBreak), (10 bytes).
    Removing stm32f10x_usart.o(i.USART_SendData), (8 bytes).
    Removing stm32f10x_usart.o(i.USART_SetAddress), (18 bytes).
    Removing stm32f10x_usart.o(i.USART_SetGuardTime), (16 bytes).
    Removing stm32f10x_usart.o(i.USART_SetPrescaler), (16 bytes).
    Removing stm32f10x_usart.o(i.USART_SmartCardCmd), (24 bytes).
    Removing stm32f10x_usart.o(i.USART_SmartCardNACKCmd), (24 bytes).
    Removing stm32f10x_usart.o(i.USART_StructInit), (24 bytes).
    Removing stm32f10x_usart.o(i.USART_WakeUpConfig), (18 bytes).
    Removing stm32f10x_wwdg.o(i.WWDG_ClearFlag), (12 bytes).
    Removing stm32f10x_wwdg.o(i.WWDG_DeInit), (22 bytes).
    Removing stm32f10x_wwdg.o(i.WWDG_Enable), (16 bytes).
    Removing stm32f10x_wwdg.o(i.WWDG_EnableIT), (12 bytes).
    Removing stm32f10x_wwdg.o(i.WWDG_GetFlagStatus), (12 bytes).
    Removing stm32f10x_wwdg.o(i.WWDG_SetCounter), (16 bytes).
    Removing stm32f10x_wwdg.o(i.WWDG_SetPrescaler), (24 bytes).
    Removing stm32f10x_wwdg.o(i.WWDG_SetWindowValue), (40 bytes).
    Removing delay.o(i.Delay_s), (24 bytes).
    Removing oled.o(i.OLED_ShowBinNum), (62 bytes).
    Removing oled.o(i.OLED_ShowHexNum), (84 bytes).
    Removing softi2c.o(i.SoftI2C_ReadReg), (54 bytes).
    Removing mpu6050.o(i.MPU6050_GetID), (10 bytes).
    Removing mpu6050.o(i.MPU6050_ReadReg), (14 bytes).
    Removing w25qxx.o(i.W25Qxx_ReadID), (50 bytes).

474 unused section(s) (total 19344 bytes) removed from the image.

==============================================================================

Image Symbol Table

    Local Symbols

    Symbol Name                              Value     Ov Type        Size  Object(Section)

    ../clib/angel/boardlib.s                 0x00000000   Number         0  boardinit2.o ABSOLUTE
    ../clib/angel/boardlib.s                 0x00000000   Number         0  boardinit1.o ABSOLUTE
    ../clib/angel/boardlib.s                 0x00000000   Number         0  boardshut.o ABSOLUTE
    ../clib/angel/boardlib.s                 0x00000000   Number         0  boardinit3.o ABSOLUTE
    ../clib/angel/handlers.s                 0x00000000   Number         0  __scatter_copy.o ABSOLUTE
    ../clib/angel/handlers.s                 0x00000000   Number         0  __scatter_zi.o ABSOLUTE
    ../clib/angel/kernel.s                   0x00000000   Number         0  __rtentry4.o ABSOLUTE
    ../clib/angel/kernel.s                   0x00000000   Number         0  __rtentry2.o ABSOLUTE
    ../clib/angel/kernel.s                   0x00000000   Number         0  rtexit2.o ABSOLUTE
    ../clib/angel/kernel.s                   0x00000000   Number         0  rtexit.o ABSOLUTE
    ../clib/angel/kernel.s                   0x00000000   Number         0  __rtentry.o ABSOLUTE
    ../clib/angel/rt.s                       0x00000000   Number         0  rt_errno_addr_intlibspace.o ABSOLUTE
    ../clib/angel/rt.s                       0x00000000   Number         0  rt_errno_addr.o ABSOLUTE
    ../clib/angel/rt.s                       0x00000000   Number         0  rt_raise.o ABSOLUTE
    ../clib/angel/scatter.s                  0x00000000   Number         0  __scatter.o ABSOLUTE
    ../clib/angel/startup.s                  0x00000000   Number         0  __main.o ABSOLUTE
    ../clib/angel/sys.s                      0x00000000   Number         0  use_no_semi.o ABSOLUTE
    ../clib/angel/sys.s                      0x00000000   Number         0  sys_stackheap_outer.o ABSOLUTE
    ../clib/angel/sys.s                      0x00000000   Number         0  libspace.o ABSOLUTE
    ../clib/angel/sys.s                      0x00000000   Number         0  indicate_semi.o ABSOLUTE
    ../clib/angel/sysapp.c                   0x00000000   Number         0  sys_command.o ABSOLUTE
    ../clib/angel/sysapp.c                   0x00000000   Number         0  sys_exit.o ABSOLUTE
    ../clib/angel/sysapp.c                   0x00000000   Number         0  sys_wrch.o ABSOLUTE
    ../clib/armsys.c                         0x00000000   Number         0  argv_veneer.o ABSOLUTE
    ../clib/armsys.c                         0x00000000   Number         0  _get_argv_nomalloc.o ABSOLUTE
    ../clib/armsys.c                         0x00000000   Number         0  no_argv.o ABSOLUTE
    ../clib/armsys.c                         0x00000000   Number         0  argv_veneer.o ABSOLUTE
    ../clib/fenv.c                           0x00000000   Number         0  _rserrno.o ABSOLUTE
    ../clib/heapalloc.c                      0x00000000   Number         0  hrguard.o ABSOLUTE
    ../clib/heapaux.c                        0x00000000   Number         0  heapauxi.o ABSOLUTE
    ../clib/libinit.s                        0x00000000   Number         0  libshutdown.o ABSOLUTE
    ../clib/libinit.s                        0x00000000   Number         0  libinit2.o ABSOLUTE
    ../clib/libinit.s                        0x00000000   Number         0  libinit.o ABSOLUTE
    ../clib/libinit.s                        0x00000000   Number         0  libshutdown2.o ABSOLUTE
    ../clib/signal.c                         0x00000000   Number         0  defsig_stak_inner.o ABSOLUTE
    ../clib/signal.c                         0x00000000   Number         0  defsig_pvfn_inner.o ABSOLUTE
    ../clib/signal.c                         0x00000000   Number         0  defsig_cppl_inner.o ABSOLUTE
    ../clib/signal.c                         0x00000000   Number         0  defsig_other.o ABSOLUTE
    ../clib/signal.c                         0x00000000   Number         0  __raise.o ABSOLUTE
    ../clib/signal.c                         0x00000000   Number         0  defsig_general.o ABSOLUTE
    ../clib/signal.c                         0x00000000   Number         0  defsig_segv_inner.o ABSOLUTE
    ../clib/signal.c                         0x00000000   Number         0  defsig_abrt_inner.o ABSOLUTE
    ../clib/signal.c                         0x00000000   Number         0  defsig_fpe_inner.o ABSOLUTE
    ../clib/signal.c                         0x00000000   Number         0  defsig_rtred_inner.o ABSOLUTE
    ../clib/signal.c                         0x00000000   Number         0  defsig_rtmem_inner.o ABSOLUTE
    ../clib/signal.c                         0x00000000   Number         0  defsig_exit.o ABSOLUTE
    ../clib/signal.c                         0x00000000   Number         0  defsig_rtmem_formal.o ABSOLUTE
    ../clib/signal.c                         0x00000000   Number         0  defsig_rtmem_outer.o ABSOLUTE
    ../clib/signal.s                         0x00000000   Number         0  defsig.o ABSOLUTE
    ../clib/stdlib.c                         0x00000000   Number         0  exit.o ABSOLUTE
    ../fplib/faddsub.s                       0x00000000   Number         0  faddsub_clz.o ABSOLUTE
    ../fplib/fcheck1.s                       0x00000000   Number         0  fcheck1.o ABSOLUTE
    ../fplib/fdiv.s                          0x00000000   Number         0  fdiv.o ABSOLUTE
    ../fplib/ffix.s                          0x00000000   Number         0  ffix.o ABSOLUTE
    ../fplib/fflt.s                          0x00000000   Number         0  fflt_clz.o ABSOLUTE
    ../fplib/fmul.s                          0x00000000   Number         0  fmul.o ABSOLUTE
    ../fplib/fnaninf.s                       0x00000000   Number         0  fnaninf.o ABSOLUTE
    ../fplib/fpinit.s                        0x00000000   Number         0  fpinit.o ABSOLUTE
    ../fplib/fretinf.s                       0x00000000   Number         0  fretinf.o ABSOLUTE
    ../fplib/fsqrt.s                         0x00000000   Number         0  fsqrt.o ABSOLUTE
    ../fplib/retnan.s                        0x00000000   Number         0  retnan.o ABSOLUTE
    ../fplib/scalbnf.s                       0x00000000   Number         0  scalbnf.o ABSOLUTE
    ../fplib/trapv.s                         0x00000000   Number         0  trapv.o ABSOLUTE
    ../fplib/usenofp.s                       0x00000000   Number         0  usenofp.o ABSOLUTE
    ../mathlib/atan2f.c                      0x00000000   Number         0  atan2f.o ABSOLUTE
    ../mathlib/atan2f.c                      0x00000000   Number         0  atan2f_x.o ABSOLUTE
    ../mathlib/fpclassifyf.c                 0x00000000   Number         0  fpclassifyf.o ABSOLUTE
    ../mathlib/funder.c                      0x00000000   Number         0  funder.o ABSOLUTE
    ../mathlib/sqrtf.c                       0x00000000   Number         0  sqrtf.o ABSOLUTE
    ../mathlib/sqrtf.c                       0x00000000   Number         0  sqrtf_x.o ABSOLUTE
    Hardware\Buzzer.c                        0x00000000   Number         0  buzzer.o ABSOLUTE
    Hardware\MPU6050.c                       0x00000000   Number         0  mpu6050.o ABSOLUTE
    Hardware\MySPI.c                         0x00000000   Number         0  myspi.o ABSOLUTE
    Hardware\OLED.c                          0x00000000   Number         0  oled.o ABSOLUTE
    Hardware\Serial.c                        0x00000000   Number         0  serial.o ABSOLUTE
    Hardware\SoftI2C.c                       0x00000000   Number         0  softi2c.o ABSOLUTE
    Hardware\W25QXX.c                        0x00000000   Number         0  w25qxx.o ABSOLUTE
    Library\misc.c                           0x00000000   Number         0  misc.o ABSOLUTE
    Library\stm32f10x_adc.c                  0x00000000   Number         0  stm32f10x_adc.o ABSOLUTE
    Library\stm32f10x_bkp.c                  0x00000000   Number         0  stm32f10x_bkp.o ABSOLUTE
    Library\stm32f10x_can.c                  0x00000000   Number         0  stm32f10x_can.o ABSOLUTE
    Library\stm32f10x_cec.c                  0x00000000   Number         0  stm32f10x_cec.o ABSOLUTE
    Library\stm32f10x_crc.c                  0x00000000   Number         0  stm32f10x_crc.o ABSOLUTE
    Library\stm32f10x_dac.c                  0x00000000   Number         0  stm32f10x_dac.o ABSOLUTE
    Library\stm32f10x_dbgmcu.c               0x00000000   Number         0  stm32f10x_dbgmcu.o ABSOLUTE
    Library\stm32f10x_dma.c                  0x00000000   Number         0  stm32f10x_dma.o ABSOLUTE
    Library\stm32f10x_exti.c                 0x00000000   Number         0  stm32f10x_exti.o ABSOLUTE
    Library\stm32f10x_flash.c                0x00000000   Number         0  stm32f10x_flash.o ABSOLUTE
    Library\stm32f10x_fsmc.c                 0x00000000   Number         0  stm32f10x_fsmc.o ABSOLUTE
    Library\stm32f10x_gpio.c                 0x00000000   Number         0  stm32f10x_gpio.o ABSOLUTE
    Library\stm32f10x_i2c.c                  0x00000000   Number         0  stm32f10x_i2c.o ABSOLUTE
    Library\stm32f10x_iwdg.c                 0x00000000   Number         0  stm32f10x_iwdg.o ABSOLUTE
    Library\stm32f10x_pwr.c                  0x00000000   Number         0  stm32f10x_pwr.o ABSOLUTE
    Library\stm32f10x_rcc.c                  0x00000000   Number         0  stm32f10x_rcc.o ABSOLUTE
    Library\stm32f10x_rtc.c                  0x00000000   Number         0  stm32f10x_rtc.o ABSOLUTE
    Library\stm32f10x_sdio.c                 0x00000000   Number         0  stm32f10x_sdio.o ABSOLUTE
    Library\stm32f10x_spi.c                  0x00000000   Number         0  stm32f10x_spi.o ABSOLUTE
    Library\stm32f10x_tim.c                  0x00000000   Number         0  stm32f10x_tim.o ABSOLUTE
    Library\stm32f10x_usart.c                0x00000000   Number         0  stm32f10x_usart.o ABSOLUTE
    Library\stm32f10x_wwdg.c                 0x00000000   Number         0  stm32f10x_wwdg.o ABSOLUTE
    Start\\core_cm3.c                        0x00000000   Number         0  core_cm3.o ABSOLUTE
    Start\core_cm3.c                         0x00000000   Number         0  core_cm3.o ABSOLUTE
    Start\startup_stm32f10x_md.s             0x00000000   Number         0  startup_stm32f10x_md.o ABSOLUTE
    Start\system_stm32f10x.c                 0x00000000   Number         0  system_stm32f10x.o ABSOLUTE
    System\Delay.c                           0x00000000   Number         0  delay.o ABSOLUTE
    User\alarm.c                             0x00000000   Number         0  alarm.o ABSOLUTE
    User\app.c                               0x00000000   Number         0  app.o ABSOLUTE
    User\blackbox_log.c                      0x00000000   Number         0  blackbox_log.o ABSOLUTE
    User\main.c                              0x00000000   Number         0  main.o ABSOLUTE
    User\motion_detect.c                     0x00000000   Number         0  motion_detect.o ABSOLUTE
    User\stm32f10x_it.c                      0x00000000   Number         0  stm32f10x_it.o ABSOLUTE
    User\ui.c                                0x00000000   Number         0  ui.o ABSOLUTE
    dc.s                                     0x00000000   Number         0  dc.o ABSOLUTE
    RESET                                    0x08000000   Section      236  startup_stm32f10x_md.o(RESET)
    !!!main                                  0x080000ec   Section        8  __main.o(!!!main)
    !!!scatter                               0x080000f4   Section       52  __scatter.o(!!!scatter)
    !!handler_copy                           0x08000128   Section       26  __scatter_copy.o(!!handler_copy)
    !!handler_zi                             0x08000144   Section       28  __scatter_zi.o(!!handler_zi)
    .ARM.Collect$$libinit$$00000000          0x08000160   Section        2  libinit.o(.ARM.Collect$$libinit$$00000000)
    .ARM.Collect$$libinit$$00000002          0x08000162   Section        0  libinit2.o(.ARM.Collect$$libinit$$00000002)
    .ARM.Collect$$libinit$$00000004          0x08000162   Section        0  libinit2.o(.ARM.Collect$$libinit$$00000004)
    .ARM.Collect$$libinit$$0000000A          0x08000162   Section        0  libinit2.o(.ARM.Collect$$libinit$$0000000A)
    .ARM.Collect$$libinit$$0000000C          0x08000162   Section        0  libinit2.o(.ARM.Collect$$libinit$$0000000C)
    .ARM.Collect$$libinit$$0000000E          0x08000162   Section        0  libinit2.o(.ARM.Collect$$libinit$$0000000E)
    .ARM.Collect$$libinit$$00000011          0x08000162   Section        0  libinit2.o(.ARM.Collect$$libinit$$00000011)
    .ARM.Collect$$libinit$$00000013          0x08000162   Section        0  libinit2.o(.ARM.Collect$$libinit$$00000013)
    .ARM.Collect$$libinit$$00000015          0x08000162   Section        0  libinit2.o(.ARM.Collect$$libinit$$00000015)
    .ARM.Collect$$libinit$$00000017          0x08000162   Section        0  libinit2.o(.ARM.Collect$$libinit$$00000017)
    .ARM.Collect$$libinit$$00000019          0x08000162   Section        0  libinit2.o(.ARM.Collect$$libinit$$00000019)
    .ARM.Collect$$libinit$$0000001B          0x08000162   Section        0  libinit2.o(.ARM.Collect$$libinit$$0000001B)
    .ARM.Collect$$libinit$$0000001D          0x08000162   Section        0  libinit2.o(.ARM.Collect$$libinit$$0000001D)
    .ARM.Collect$$libinit$$0000001F          0x08000162   Section        0  libinit2.o(.ARM.Collect$$libinit$$0000001F)
    .ARM.Collect$$libinit$$00000021          0x08000162   Section        0  libinit2.o(.ARM.Collect$$libinit$$00000021)
    .ARM.Collect$$libinit$$00000023          0x08000162   Section        0  libinit2.o(.ARM.Collect$$libinit$$00000023)
    .ARM.Collect$$libinit$$00000025          0x08000162   Section        0  libinit2.o(.ARM.Collect$$libinit$$00000025)
    .ARM.Collect$$libinit$$0000002C          0x08000162   Section        0  libinit2.o(.ARM.Collect$$libinit$$0000002C)
    .ARM.Collect$$libinit$$0000002E          0x08000162   Section        0  libinit2.o(.ARM.Collect$$libinit$$0000002E)
    .ARM.Collect$$libinit$$00000030          0x08000162   Section        0  libinit2.o(.ARM.Collect$$libinit$$00000030)
    .ARM.Collect$$libinit$$00000032          0x08000162   Section        0  libinit2.o(.ARM.Collect$$libinit$$00000032)
    .ARM.Collect$$libinit$$00000033          0x08000162   Section        2  libinit2.o(.ARM.Collect$$libinit$$00000033)
    .ARM.Collect$$libshutdown$$00000000      0x08000164   Section        2  libshutdown.o(.ARM.Collect$$libshutdown$$00000000)
    .ARM.Collect$$libshutdown$$00000002      0x08000166   Section        0  libshutdown2.o(.ARM.Collect$$libshutdown$$00000002)
    .ARM.Collect$$libshutdown$$00000004      0x08000166   Section        0  libshutdown2.o(.ARM.Collect$$libshutdown$$00000004)
    .ARM.Collect$$libshutdown$$00000007      0x08000166   Section        0  libshutdown2.o(.ARM.Collect$$libshutdown$$00000007)
    .ARM.Collect$$libshutdown$$0000000A      0x08000166   Section        0  libshutdown2.o(.ARM.Collect$$libshutdown$$0000000A)
    .ARM.Collect$$libshutdown$$0000000C      0x08000166   Section        0  libshutdown2.o(.ARM.Collect$$libshutdown$$0000000C)
    .ARM.Collect$$libshutdown$$0000000F      0x08000166   Section        0  libshutdown2.o(.ARM.Collect$$libshutdown$$0000000F)
    .ARM.Collect$$libshutdown$$00000010      0x08000166   Section        2  libshutdown2.o(.ARM.Collect$$libshutdown$$00000010)
    .ARM.Collect$$rtentry$$00000000          0x08000168   Section        0  __rtentry.o(.ARM.Collect$$rtentry$$00000000)
    .ARM.Collect$$rtentry$$00000002          0x08000168   Section        0  __rtentry2.o(.ARM.Collect$$rtentry$$00000002)
    .ARM.Collect$$rtentry$$00000004          0x08000168   Section        6  __rtentry4.o(.ARM.Collect$$rtentry$$00000004)
    .ARM.Collect$$rtentry$$00000009          0x0800016e   Section        0  __rtentry2.o(.ARM.Collect$$rtentry$$00000009)
    .ARM.Collect$$rtentry$$0000000A          0x0800016e   Section        4  __rtentry2.o(.ARM.Collect$$rtentry$$0000000A)
    .ARM.Collect$$rtentry$$0000000C          0x08000172   Section        0  __rtentry2.o(.ARM.Collect$$rtentry$$0000000C)
    .ARM.Collect$$rtentry$$0000000D          0x08000172   Section        8  __rtentry2.o(.ARM.Collect$$rtentry$$0000000D)
    .ARM.Collect$$rtexit$$00000000           0x0800017a   Section        2  rtexit.o(.ARM.Collect$$rtexit$$00000000)
    .ARM.Collect$$rtexit$$00000002           0x0800017c   Section        0  rtexit2.o(.ARM.Collect$$rtexit$$00000002)
    .ARM.Collect$$rtexit$$00000003           0x0800017c   Section        4  rtexit2.o(.ARM.Collect$$rtexit$$00000003)
    .ARM.Collect$$rtexit$$00000004           0x08000180   Section        6  rtexit2.o(.ARM.Collect$$rtexit$$00000004)
    .text                                    0x08000188   Section       64  startup_stm32f10x_md.o(.text)
    .text                                    0x080001c8   Section        0  heapauxi.o(.text)
    .text                                    0x080001ce   Section        0  _rserrno.o(.text)
    .text                                    0x080001e4   Section        8  rt_errno_addr_intlibspace.o(.text)
    .text                                    0x080001ec   Section        8  libspace.o(.text)
    .text                                    0x080001f4   Section       74  sys_stackheap_outer.o(.text)
    .text                                    0x0800023e   Section        0  exit.o(.text)
    .text                                    0x08000250   Section        0  sys_exit.o(.text)
    .text                                    0x0800025c   Section        2  use_no_semi.o(.text)
    .text                                    0x0800025e   Section        0  indicate_semi.o(.text)
    i.Alarm_Init                             0x0800025e   Section        0  alarm.o(i.Alarm_Init)
    i.Alarm_Update                           0x0800026a   Section        0  alarm.o(i.Alarm_Update)
    i.App_Init                               0x080002c4   Section        0  app.o(i.App_Init)
    i.App_Loop                               0x080003c4   Section        0  app.o(i.App_Loop)
    i.BlackBoxLog_Append                     0x08000470   Section        0  blackbox_log.o(i.BlackBoxLog_Append)
    i.BlackBoxLog_Format                     0x080004ec   Section        0  blackbox_log.o(i.BlackBoxLog_Format)
    i.BlackBoxLog_GetCount                   0x08000524   Section        0  blackbox_log.o(i.BlackBoxLog_GetCount)
    i.BlackBoxLog_Init                       0x08000530   Section        0  blackbox_log.o(i.BlackBoxLog_Init)
    i.BusFault_Handler                       0x080005a4   Section        0  stm32f10x_it.o(i.BusFault_Handler)
    i.Buzzer_Init                            0x080005a8   Section        0  buzzer.o(i.Buzzer_Init)
    i.Buzzer_Off                             0x080005dc   Section        0  buzzer.o(i.Buzzer_Off)
    i.Buzzer_On                              0x080005ec   Section        0  buzzer.o(i.Buzzer_On)
    i.DebugMon_Handler                       0x080005fc   Section        0  stm32f10x_it.o(i.DebugMon_Handler)
    i.Delay_ms                               0x080005fe   Section        0  delay.o(i.Delay_ms)
    i.Delay_us                               0x08000616   Section        0  delay.o(i.Delay_us)
    i.GPIO_Init                              0x08000644   Section        0  stm32f10x_gpio.o(i.GPIO_Init)
    i.GPIO_ReadInputDataBit                  0x0800075a   Section        0  stm32f10x_gpio.o(i.GPIO_ReadInputDataBit)
    i.GPIO_ResetBits                         0x0800076c   Section        0  stm32f10x_gpio.o(i.GPIO_ResetBits)
    i.GPIO_SetBits                           0x08000770   Section        0  stm32f10x_gpio.o(i.GPIO_SetBits)
    i.GPIO_WriteBit                          0x08000774   Section        0  stm32f10x_gpio.o(i.GPIO_WriteBit)
    i.HardFault_Handler                      0x0800077e   Section        0  stm32f10x_it.o(i.HardFault_Handler)
    i.MPU6050_GetData                        0x08000782   Section        0  mpu6050.o(i.MPU6050_GetData)
    i.MPU6050_Init                           0x08000806   Section        0  mpu6050.o(i.MPU6050_Init)
    i.MPU6050_WriteReg                       0x0800083e   Section        0  mpu6050.o(i.MPU6050_WriteReg)
    MPU6050_WriteReg                         0x0800083f   Thumb Code    18  mpu6050.o(i.MPU6050_WriteReg)
    i.MemManage_Handler                      0x08000850   Section        0  stm32f10x_it.o(i.MemManage_Handler)
    i.MotionDetect_Abs16                     0x08000854   Section        0  motion_detect.o(i.MotionDetect_Abs16)
    MotionDetect_Abs16                       0x08000855   Thumb Code    16  motion_detect.o(i.MotionDetect_Abs16)
    i.MotionDetect_CalcPitch_x10             0x08000864   Section        0  motion_detect.o(i.MotionDetect_CalcPitch_x10)
    MotionDetect_CalcPitch_x10               0x08000865   Thumb Code    54  motion_detect.o(i.MotionDetect_CalcPitch_x10)
    i.MotionDetect_CalcRoll_x10              0x080008a0   Section        0  motion_detect.o(i.MotionDetect_CalcRoll_x10)
    MotionDetect_CalcRoll_x10                0x080008a1   Thumb Code   114  motion_detect.o(i.MotionDetect_CalcRoll_x10)
    i.MotionDetect_SetBaseline               0x08000918   Section        0  motion_detect.o(i.MotionDetect_SetBaseline)
    i.MotionDetect_Update                    0x08000960   Section        0  motion_detect.o(i.MotionDetect_Update)
    i.MySPI_Init                             0x08000a4c   Section        0  myspi.o(i.MySPI_Init)
    i.MySPI_Start                            0x08000b14   Section        0  myspi.o(i.MySPI_Start)
    i.MySPI_Stop                             0x08000b24   Section        0  myspi.o(i.MySPI_Stop)
    i.MySPI_SwapByte                         0x08000b34   Section        0  myspi.o(i.MySPI_SwapByte)
    i.NMI_Handler                            0x08000b6c   Section        0  stm32f10x_it.o(i.NMI_Handler)
    i.OLED_Clear                             0x08000b6e   Section        0  oled.o(i.OLED_Clear)
    i.OLED_I2C_Init                          0x08000b98   Section        0  oled.o(i.OLED_I2C_Init)
    i.OLED_I2C_SendByte                      0x08000be8   Section        0  oled.o(i.OLED_I2C_SendByte)
    i.OLED_I2C_Start                         0x08000c44   Section        0  oled.o(i.OLED_I2C_Start)
    i.OLED_I2C_Stop                          0x08000c78   Section        0  oled.o(i.OLED_I2C_Stop)
    i.OLED_Init                              0x08000ca0   Section        0  oled.o(i.OLED_Init)
    i.OLED_Pow                               0x08000d4e   Section        0  oled.o(i.OLED_Pow)
    i.OLED_SetCursor                         0x08000d62   Section        0  oled.o(i.OLED_SetCursor)
    i.OLED_ShowChar                          0x08000d84   Section        0  oled.o(i.OLED_ShowChar)
    i.OLED_ShowNum                           0x08000df8   Section        0  oled.o(i.OLED_ShowNum)
    i.OLED_ShowSignedNum                     0x08000e3c   Section        0  oled.o(i.OLED_ShowSignedNum)
    i.OLED_ShowString                        0x08000ea2   Section        0  oled.o(i.OLED_ShowString)
    i.OLED_WriteCommand                      0x08000eca   Section        0  oled.o(i.OLED_WriteCommand)
    i.OLED_WriteData                         0x08000eea   Section        0  oled.o(i.OLED_WriteData)
    i.PendSV_Handler                         0x08000f0a   Section        0  stm32f10x_it.o(i.PendSV_Handler)
    i.RCC_APB2PeriphClockCmd                 0x08000f0c   Section        0  stm32f10x_rcc.o(i.RCC_APB2PeriphClockCmd)
    i.SPI_Cmd                                0x08000f2c   Section        0  stm32f10x_spi.o(i.SPI_Cmd)
    i.SPI_I2S_GetFlagStatus                  0x08000f44   Section        0  stm32f10x_spi.o(i.SPI_I2S_GetFlagStatus)
    i.SPI_I2S_ReceiveData                    0x08000f56   Section        0  stm32f10x_spi.o(i.SPI_I2S_ReceiveData)
    i.SPI_I2S_SendData                       0x08000f5c   Section        0  stm32f10x_spi.o(i.SPI_I2S_SendData)
    i.SPI_Init                               0x08000f60   Section        0  stm32f10x_spi.o(i.SPI_Init)
    i.SVC_Handler                            0x08000f9c   Section        0  stm32f10x_it.o(i.SVC_Handler)
    i.SetSysClock                            0x08000f9e   Section        0  system_stm32f10x.o(i.SetSysClock)
    SetSysClock                              0x08000f9f   Thumb Code     8  system_stm32f10x.o(i.SetSysClock)
    i.SetSysClockTo72                        0x08000fa8   Section        0  system_stm32f10x.o(i.SetSysClockTo72)
    SetSysClockTo72                          0x08000fa9   Thumb Code   214  system_stm32f10x.o(i.SetSysClockTo72)
    i.SoftI2C_Delay                          0x08001088   Section        0  softi2c.o(i.SoftI2C_Delay)
    SoftI2C_Delay                            0x08001089   Thumb Code    14  softi2c.o(i.SoftI2C_Delay)
    i.SoftI2C_Init                           0x08001098   Section        0  softi2c.o(i.SoftI2C_Init)
    i.SoftI2C_ReadRegs                       0x080010e8   Section        0  softi2c.o(i.SoftI2C_ReadRegs)
    i.SoftI2C_ReceiveByte                    0x08001140   Section        0  softi2c.o(i.SoftI2C_ReceiveByte)
    i.SoftI2C_SDA_Mode_In                    0x08001190   Section        0  softi2c.o(i.SoftI2C_SDA_Mode_In)
    SoftI2C_SDA_Mode_In                      0x08001191   Thumb Code    32  softi2c.o(i.SoftI2C_SDA_Mode_In)
    i.SoftI2C_SDA_Mode_Out                   0x080011b4   Section        0  softi2c.o(i.SoftI2C_SDA_Mode_Out)
    SoftI2C_SDA_Mode_Out                     0x080011b5   Thumb Code    32  softi2c.o(i.SoftI2C_SDA_Mode_Out)
    i.SoftI2C_SendAck                        0x080011d8   Section        0  softi2c.o(i.SoftI2C_SendAck)
    i.SoftI2C_SendByte                       0x08001220   Section        0  softi2c.o(i.SoftI2C_SendByte)
    i.SoftI2C_Start                          0x080012b0   Section        0  softi2c.o(i.SoftI2C_Start)
    i.SoftI2C_Stop                           0x080012f4   Section        0  softi2c.o(i.SoftI2C_Stop)
    i.SoftI2C_WriteReg                       0x0800132c   Section        0  softi2c.o(i.SoftI2C_WriteReg)
    i.SysTick_Handler                        0x08001370   Section        0  stm32f10x_it.o(i.SysTick_Handler)
    i.SystemInit                             0x08001374   Section        0  system_stm32f10x.o(i.SystemInit)
    i.UI_Init                                0x080013d4   Section        0  ui.o(i.UI_Init)
    i.UI_ShowEventName                       0x080013e0   Section        0  ui.o(i.UI_ShowEventName)
    UI_ShowEventName                         0x080013e1   Thumb Code    88  ui.o(i.UI_ShowEventName)
    i.UI_ShowMessage                         0x08001464   Section        0  ui.o(i.UI_ShowMessage)
    i.UI_Update                              0x080014b0   Section        0  ui.o(i.UI_Update)
    i.UsageFault_Handler                     0x08001554   Section        0  stm32f10x_it.o(i.UsageFault_Handler)
    i.W25Qxx_Init                            0x08001558   Section        0  w25qxx.o(i.W25Qxx_Init)
    i.W25Qxx_PageProgram                     0x08001560   Section        0  w25qxx.o(i.W25Qxx_PageProgram)
    i.W25Qxx_ReadData                        0x080015ac   Section        0  w25qxx.o(i.W25Qxx_ReadData)
    i.W25Qxx_ReadStatusReg1                  0x080015f2   Section        0  w25qxx.o(i.W25Qxx_ReadStatusReg1)
    W25Qxx_ReadStatusReg1                    0x080015f3   Thumb Code    28  w25qxx.o(i.W25Qxx_ReadStatusReg1)
    i.W25Qxx_SectorErase                     0x0800160e   Section        0  w25qxx.o(i.W25Qxx_SectorErase)
    i.W25Qxx_WaitBusy                        0x08001640   Section        0  w25qxx.o(i.W25Qxx_WaitBusy)
    W25Qxx_WaitBusy                          0x08001641   Thumb Code    18  w25qxx.o(i.W25Qxx_WaitBusy)
    i.W25Qxx_WriteEnable                     0x08001652   Section        0  w25qxx.o(i.W25Qxx_WriteEnable)
    W25Qxx_WriteEnable                       0x08001653   Thumb Code    18  w25qxx.o(i.W25Qxx_WriteEnable)
    i.__ARM_fpclassifyf                      0x08001664   Section        0  fpclassifyf.o(i.__ARM_fpclassifyf)
    i.__mathlib_flt_infnan2                  0x0800168a   Section        0  funder.o(i.__mathlib_flt_infnan2)
    i.__mathlib_flt_underflow                0x0800168e   Section        0  funder.o(i.__mathlib_flt_underflow)
    i.atan2f                                 0x08001698   Section        0  atan2f.o(i.atan2f)
    i.main                                   0x080018f4   Section        0  main.o(i.main)
    i.sqrtf                                  0x08001906   Section        0  sqrtf.o(i.sqrtf)
    x$fpl$fadd                               0x08001934   Section      196  faddsub_clz.o(x$fpl$fadd)
    _fadd1                                   0x08001943   Thumb Code     0  faddsub_clz.o(x$fpl$fadd)
    x$fpl$fcheck1                            0x080019f8   Section       12  fcheck1.o(x$fpl$fcheck1)
    x$fpl$fdiv                               0x08001a04   Section      388  fdiv.o(x$fpl$fdiv)
    _fdiv1                                   0x08001a05   Thumb Code     0  fdiv.o(x$fpl$fdiv)
    x$fpl$ffix                               0x08001b88   Section       54  ffix.o(x$fpl$ffix)
    x$fpl$fflt                               0x08001bc0   Section       48  fflt_clz.o(x$fpl$fflt)
    x$fpl$fmul                               0x08001bf0   Section      258  fmul.o(x$fpl$fmul)
    x$fpl$fnaninf                            0x08001cf2   Section      140  fnaninf.o(x$fpl$fnaninf)
    x$fpl$fretinf                            0x08001d7e   Section       10  fretinf.o(x$fpl$fretinf)
    x$fpl$frsb                               0x08001d88   Section       20  faddsub_clz.o(x$fpl$frsb)
    x$fpl$fsqrt                              0x08001d9c   Section      272  fsqrt.o(x$fpl$fsqrt)
    x$fpl$fsub                               0x08001eac   Section      234  faddsub_clz.o(x$fpl$fsub)
    _fsub1                                   0x08001ebb   Thumb Code     0  faddsub_clz.o(x$fpl$fsub)
    x$fpl$retnan                             0x08001f96   Section      100  retnan.o(x$fpl$retnan)
    x$fpl$scalbnf                            0x08001ffa   Section       76  scalbnf.o(x$fpl$scalbnf)
    x$fpl$trapveneer                         0x08002046   Section       48  trapv.o(x$fpl$trapveneer)
    .constdata                               0x08002076   Section     1520  oled.o(.constdata)
    x$fpl$usenofp                            0x08002076   Section        0  usenofp.o(x$fpl$usenofp)
    .data                                    0x20000000   Section        8  app.o(.data)
    App_RunTimeMs                            0x20000000   Data           4  app.o(.data)
    App_LastEvent                            0x20000004   Data           4  app.o(.data)
    .data                                    0x20000008   Section       10  motion_detect.o(.data)
    BaselineAx                               0x20000008   Data           2  motion_detect.o(.data)
    BaselineAy                               0x2000000a   Data           2  motion_detect.o(.data)
    BaselineAz                               0x2000000c   Data           2  motion_detect.o(.data)
    BaselinePitch_x10                        0x2000000e   Data           2  motion_detect.o(.data)
    BaselineRoll_x10                         0x20000010   Data           2  motion_detect.o(.data)
    .data                                    0x20000014   Section       12  blackbox_log.o(.data)
    BlackBox_NextWriteAddr                   0x20000014   Data           4  blackbox_log.o(.data)
    BlackBox_RecordCount                     0x20000018   Data           4  blackbox_log.o(.data)
    BlackBox_NextSeq                         0x2000001c   Data           4  blackbox_log.o(.data)
    .bss                                     0x20000020   Section       10  app.o(.bss)
    App_State                                0x20000020   Data          10  app.o(.bss)
    .bss                                     0x2000002c   Section       96  libspace.o(.bss)
    HEAP                                     0x20000090   Section      512  startup_stm32f10x_md.o(HEAP)
    Heap_Mem                                 0x20000090   Data         512  startup_stm32f10x_md.o(HEAP)
    STACK                                    0x20000290   Section     1024  startup_stm32f10x_md.o(STACK)
    Stack_Mem                                0x20000290   Data        1024  startup_stm32f10x_md.o(STACK)
    __initial_sp                             0x20000690   Data           0  startup_stm32f10x_md.o(STACK)

    Global Symbols

    Symbol Name                              Value     Ov Type        Size  Object(Section)

    BuildAttributes$$THM_ISAv4$P$D$K$B$S$PE$A:L22UL41UL21$X:L11$S22US41US21$IEEE1$IW$USESV6$~STKCKD$USESV7$~SHL$OTIME$ROPI$IEEEX$EBA8$UX$STANDARDLIB$REQ8$PRES8$EABIv2 0x00000000   Number         0  anon$$obj.o ABSOLUTE
    __ARM_use_no_argv                        0x00000000   Number         0  main.o ABSOLUTE
    __ARM_exceptions_init                     - Undefined Weak Reference
    __alloca_initialize                       - Undefined Weak Reference
    __arm_preinit_                            - Undefined Weak Reference
    __cpp_initialize__aeabi_                  - Undefined Weak Reference
    __cxa_finalize                            - Undefined Weak Reference
    __rt_locale                               - Undefined Weak Reference
    __sigvec_lookup                           - Undefined Weak Reference
    _atexit_init                              - Undefined Weak Reference
    _call_atexit_fns                          - Undefined Weak Reference
    _clock_init                               - Undefined Weak Reference
    _fp_trap_init                             - Undefined Weak Reference
    _fp_trap_shutdown                         - Undefined Weak Reference
    _get_lc_collate                           - Undefined Weak Reference
    _get_lc_ctype                             - Undefined Weak Reference
    _get_lc_monetary                          - Undefined Weak Reference
    _get_lc_numeric                           - Undefined Weak Reference
    _get_lc_time                              - Undefined Weak Reference
    _getenv_init                              - Undefined Weak Reference
    _handle_redirection                       - Undefined Weak Reference
    _init_alloc                               - Undefined Weak Reference
    _init_user_alloc                          - Undefined Weak Reference
    _initio                                   - Undefined Weak Reference
    _rand_init                                - Undefined Weak Reference
    _signal_finish                            - Undefined Weak Reference
    _signal_init                              - Undefined Weak Reference
    _terminate_alloc                          - Undefined Weak Reference
    _terminate_user_alloc                     - Undefined Weak Reference
    _terminateio                              - Undefined Weak Reference
    __Vectors_Size                           0x000000ec   Number         0  startup_stm32f10x_md.o ABSOLUTE
    __Vectors                                0x08000000   Data           4  startup_stm32f10x_md.o(RESET)
    __Vectors_End                            0x080000ec   Data           0  startup_stm32f10x_md.o(RESET)
    __main                                   0x080000ed   Thumb Code     8  __main.o(!!!main)
    __scatterload                            0x080000f5   Thumb Code     0  __scatter.o(!!!scatter)
    __scatterload_rt2                        0x080000f5   Thumb Code    44  __scatter.o(!!!scatter)
    __scatterload_rt2_thumb_only             0x080000f5   Thumb Code     0  __scatter.o(!!!scatter)
    __scatterload_null                       0x08000103   Thumb Code     0  __scatter.o(!!!scatter)
    __scatterload_copy                       0x08000129   Thumb Code    26  __scatter_copy.o(!!handler_copy)
    __scatterload_zeroinit                   0x08000145   Thumb Code    28  __scatter_zi.o(!!handler_zi)
    __rt_lib_init                            0x08000161   Thumb Code     0  libinit.o(.ARM.Collect$$libinit$$00000000)
    __rt_lib_init_alloca_1                   0x08000163   Thumb Code     0  libinit2.o(.ARM.Collect$$libinit$$0000002E)
    __rt_lib_init_argv_1                     0x08000163   Thumb Code     0  libinit2.o(.ARM.Collect$$libinit$$0000002C)
    __rt_lib_init_atexit_1                   0x08000163   Thumb Code     0  libinit2.o(.ARM.Collect$$libinit$$0000001B)
    __rt_lib_init_clock_1                    0x08000163   Thumb Code     0  libinit2.o(.ARM.Collect$$libinit$$00000021)
    __rt_lib_init_cpp_1                      0x08000163   Thumb Code     0  libinit2.o(.ARM.Collect$$libinit$$00000032)
    __rt_lib_init_exceptions_1               0x08000163   Thumb Code     0  libinit2.o(.ARM.Collect$$libinit$$00000030)
    __rt_lib_init_fp_1                       0x08000163   Thumb Code     0  libinit2.o(.ARM.Collect$$libinit$$00000002)
    __rt_lib_init_fp_trap_1                  0x08000163   Thumb Code     0  libinit2.o(.ARM.Collect$$libinit$$0000001F)
    __rt_lib_init_getenv_1                   0x08000163   Thumb Code     0  libinit2.o(.ARM.Collect$$libinit$$00000023)
    __rt_lib_init_heap_1                     0x08000163   Thumb Code     0  libinit2.o(.ARM.Collect$$libinit$$0000000A)
    __rt_lib_init_lc_collate_1               0x08000163   Thumb Code     0  libinit2.o(.ARM.Collect$$libinit$$00000011)
    __rt_lib_init_lc_ctype_1                 0x08000163   Thumb Code     0  libinit2.o(.ARM.Collect$$libinit$$00000013)
    __rt_lib_init_lc_monetary_1              0x08000163   Thumb Code     0  libinit2.o(.ARM.Collect$$libinit$$00000015)
    __rt_lib_init_lc_numeric_1               0x08000163   Thumb Code     0  libinit2.o(.ARM.Collect$$libinit$$00000017)
    __rt_lib_init_lc_time_1                  0x08000163   Thumb Code     0  libinit2.o(.ARM.Collect$$libinit$$00000019)
    __rt_lib_init_preinit_1                  0x08000163   Thumb Code     0  libinit2.o(.ARM.Collect$$libinit$$00000004)
    __rt_lib_init_rand_1                     0x08000163   Thumb Code     0  libinit2.o(.ARM.Collect$$libinit$$0000000E)
    __rt_lib_init_return                     0x08000163   Thumb Code     0  libinit2.o(.ARM.Collect$$libinit$$00000033)
    __rt_lib_init_signal_1                   0x08000163   Thumb Code     0  libinit2.o(.ARM.Collect$$libinit$$0000001D)
    __rt_lib_init_stdio_1                    0x08000163   Thumb Code     0  libinit2.o(.ARM.Collect$$libinit$$00000025)
    __rt_lib_init_user_alloc_1               0x08000163   Thumb Code     0  libinit2.o(.ARM.Collect$$libinit$$0000000C)
    __rt_lib_shutdown                        0x08000165   Thumb Code     0  libshutdown.o(.ARM.Collect$$libshutdown$$00000000)
    __rt_lib_shutdown_cpp_1                  0x08000167   Thumb Code     0  libshutdown2.o(.ARM.Collect$$libshutdown$$00000002)
    __rt_lib_shutdown_fp_trap_1              0x08000167   Thumb Code     0  libshutdown2.o(.ARM.Collect$$libshutdown$$00000007)
    __rt_lib_shutdown_heap_1                 0x08000167   Thumb Code     0  libshutdown2.o(.ARM.Collect$$libshutdown$$0000000F)
    __rt_lib_shutdown_return                 0x08000167   Thumb Code     0  libshutdown2.o(.ARM.Collect$$libshutdown$$00000010)
    __rt_lib_shutdown_signal_1               0x08000167   Thumb Code     0  libshutdown2.o(.ARM.Collect$$libshutdown$$0000000A)
    __rt_lib_shutdown_stdio_1                0x08000167   Thumb Code     0  libshutdown2.o(.ARM.Collect$$libshutdown$$00000004)
    __rt_lib_shutdown_user_alloc_1           0x08000167   Thumb Code     0  libshutdown2.o(.ARM.Collect$$libshutdown$$0000000C)
    __rt_entry                               0x08000169   Thumb Code     0  __rtentry.o(.ARM.Collect$$rtentry$$00000000)
    __rt_entry_presh_1                       0x08000169   Thumb Code     0  __rtentry2.o(.ARM.Collect$$rtentry$$00000002)
    __rt_entry_sh                            0x08000169   Thumb Code     0  __rtentry4.o(.ARM.Collect$$rtentry$$00000004)
    __rt_entry_li                            0x0800016f   Thumb Code     0  __rtentry2.o(.ARM.Collect$$rtentry$$0000000A)
    __rt_entry_postsh_1                      0x0800016f   Thumb Code     0  __rtentry2.o(.ARM.Collect$$rtentry$$00000009)
    __rt_entry_main                          0x08000173   Thumb Code     0  __rtentry2.o(.ARM.Collect$$rtentry$$0000000D)
    __rt_entry_postli_1                      0x08000173   Thumb Code     0  __rtentry2.o(.ARM.Collect$$rtentry$$0000000C)
    __rt_exit                                0x0800017b   Thumb Code     0  rtexit.o(.ARM.Collect$$rtexit$$00000000)
    __rt_exit_ls                             0x0800017d   Thumb Code     0  rtexit2.o(.ARM.Collect$$rtexit$$00000003)
    __rt_exit_prels_1                        0x0800017d   Thumb Code     0  rtexit2.o(.ARM.Collect$$rtexit$$00000002)
    __rt_exit_exit                           0x08000181   Thumb Code     0  rtexit2.o(.ARM.Collect$$rtexit$$00000004)
    Reset_Handler                            0x08000189   Thumb Code     8  startup_stm32f10x_md.o(.text)
    ADC1_2_IRQHandler                        0x080001a3   Thumb Code     0  startup_stm32f10x_md.o(.text)
    CAN1_RX1_IRQHandler                      0x080001a3   Thumb Code     0  startup_stm32f10x_md.o(.text)
    CAN1_SCE_IRQHandler                      0x080001a3   Thumb Code     0  startup_stm32f10x_md.o(.text)
    DMA1_Channel1_IRQHandler                 0x080001a3   Thumb Code     0  startup_stm32f10x_md.o(.text)
    DMA1_Channel2_IRQHandler                 0x080001a3   Thumb Code     0  startup_stm32f10x_md.o(.text)
    DMA1_Channel3_IRQHandler                 0x080001a3   Thumb Code     0  startup_stm32f10x_md.o(.text)
    DMA1_Channel4_IRQHandler                 0x080001a3   Thumb Code     0  startup_stm32f10x_md.o(.text)
    DMA1_Channel5_IRQHandler                 0x080001a3   Thumb Code     0  startup_stm32f10x_md.o(.text)
    DMA1_Channel6_IRQHandler                 0x080001a3   Thumb Code     0  startup_stm32f10x_md.o(.text)
    DMA1_Channel7_IRQHandler                 0x080001a3   Thumb Code     0  startup_stm32f10x_md.o(.text)
    EXTI0_IRQHandler                         0x080001a3   Thumb Code     0  startup_stm32f10x_md.o(.text)
    EXTI15_10_IRQHandler                     0x080001a3   Thumb Code     0  startup_stm32f10x_md.o(.text)
    EXTI1_IRQHandler                         0x080001a3   Thumb Code     0  startup_stm32f10x_md.o(.text)
    EXTI2_IRQHandler                         0x080001a3   Thumb Code     0  startup_stm32f10x_md.o(.text)
    EXTI3_IRQHandler                         0x080001a3   Thumb Code     0  startup_stm32f10x_md.o(.text)
    EXTI4_IRQHandler                         0x080001a3   Thumb Code     0  startup_stm32f10x_md.o(.text)
    EXTI9_5_IRQHandler                       0x080001a3   Thumb Code     0  startup_stm32f10x_md.o(.text)
    FLASH_IRQHandler                         0x080001a3   Thumb Code     0  startup_stm32f10x_md.o(.text)
    I2C1_ER_IRQHandler                       0x080001a3   Thumb Code     0  startup_stm32f10x_md.o(.text)
    I2C1_EV_IRQHandler                       0x080001a3   Thumb Code     0  startup_stm32f10x_md.o(.text)
    I2C2_ER_IRQHandler                       0x080001a3   Thumb Code     0  startup_stm32f10x_md.o(.text)
    I2C2_EV_IRQHandler                       0x080001a3   Thumb Code     0  startup_stm32f10x_md.o(.text)
    PVD_IRQHandler                           0x080001a3   Thumb Code     0  startup_stm32f10x_md.o(.text)
    RCC_IRQHandler                           0x080001a3   Thumb Code     0  startup_stm32f10x_md.o(.text)
    RTCAlarm_IRQHandler                      0x080001a3   Thumb Code     0  startup_stm32f10x_md.o(.text)
    RTC_IRQHandler                           0x080001a3   Thumb Code     0  startup_stm32f10x_md.o(.text)
    SPI1_IRQHandler                          0x080001a3   Thumb Code     0  startup_stm32f10x_md.o(.text)
    SPI2_IRQHandler                          0x080001a3   Thumb Code     0  startup_stm32f10x_md.o(.text)
    TAMPER_IRQHandler                        0x080001a3   Thumb Code     0  startup_stm32f10x_md.o(.text)
    TIM1_BRK_IRQHandler                      0x080001a3   Thumb Code     0  startup_stm32f10x_md.o(.text)
    TIM1_CC_IRQHandler                       0x080001a3   Thumb Code     0  startup_stm32f10x_md.o(.text)
    TIM1_TRG_COM_IRQHandler                  0x080001a3   Thumb Code     0  startup_stm32f10x_md.o(.text)
    TIM1_UP_IRQHandler                       0x080001a3   Thumb Code     0  startup_stm32f10x_md.o(.text)
    TIM2_IRQHandler                          0x080001a3   Thumb Code     0  startup_stm32f10x_md.o(.text)
    TIM3_IRQHandler                          0x080001a3   Thumb Code     0  startup_stm32f10x_md.o(.text)
    TIM4_IRQHandler                          0x080001a3   Thumb Code     0  startup_stm32f10x_md.o(.text)
    USART1_IRQHandler                        0x080001a3   Thumb Code     0  startup_stm32f10x_md.o(.text)
    USART2_IRQHandler                        0x080001a3   Thumb Code     0  startup_stm32f10x_md.o(.text)
    USART3_IRQHandler                        0x080001a3   Thumb Code     0  startup_stm32f10x_md.o(.text)
    USBWakeUp_IRQHandler                     0x080001a3   Thumb Code     0  startup_stm32f10x_md.o(.text)
    USB_HP_CAN1_TX_IRQHandler                0x080001a3   Thumb Code     0  startup_stm32f10x_md.o(.text)
    USB_LP_CAN1_RX0_IRQHandler               0x080001a3   Thumb Code     0  startup_stm32f10x_md.o(.text)
    WWDG_IRQHandler                          0x080001a3   Thumb Code     0  startup_stm32f10x_md.o(.text)
    __user_initial_stackheap                 0x080001a5   Thumb Code     0  startup_stm32f10x_md.o(.text)
    __use_two_region_memory                  0x080001c9   Thumb Code     2  heapauxi.o(.text)
    __rt_heap_escrow$2region                 0x080001cb   Thumb Code     2  heapauxi.o(.text)
    __rt_heap_expand$2region                 0x080001cd   Thumb Code     2  heapauxi.o(.text)
    __read_errno                             0x080001cf   Thumb Code    10  _rserrno.o(.text)
    __set_errno                              0x080001d9   Thumb Code    12  _rserrno.o(.text)
    __aeabi_errno_addr                       0x080001e5   Thumb Code     8  rt_errno_addr_intlibspace.o(.text)
    __errno$intlibspace                      0x080001e5   Thumb Code     0  rt_errno_addr_intlibspace.o(.text)
    __rt_errno_addr$intlibspace              0x080001e5   Thumb Code     0  rt_errno_addr_intlibspace.o(.text)
    __user_libspace                          0x080001ed   Thumb Code     8  libspace.o(.text)
    __user_perproc_libspace                  0x080001ed   Thumb Code     0  libspace.o(.text)
    __user_perthread_libspace                0x080001ed   Thumb Code     0  libspace.o(.text)
    __user_setup_stackheap                   0x080001f5   Thumb Code    74  sys_stackheap_outer.o(.text)
    exit                                     0x0800023f   Thumb Code    18  exit.o(.text)
    _sys_exit                                0x08000251   Thumb Code     8  sys_exit.o(.text)
    __I$use$semihosting                      0x0800025d   Thumb Code     0  use_no_semi.o(.text)
    __use_no_semihosting_swi                 0x0800025d   Thumb Code     2  use_no_semi.o(.text)
    Alarm_Init                               0x0800025f   Thumb Code    12  alarm.o(i.Alarm_Init)
    __semihosting_library_function           0x0800025f   Thumb Code     0  indicate_semi.o(.text)
    Alarm_Update                             0x0800026b   Thumb Code    88  alarm.o(i.Alarm_Update)
    App_Init                                 0x080002c5   Thumb Code   176  app.o(i.App_Init)
    App_Loop                                 0x080003c5   Thumb Code   158  app.o(i.App_Loop)
    BlackBoxLog_Append                       0x08000471   Thumb Code   108  blackbox_log.o(i.BlackBoxLog_Append)
    BlackBoxLog_Format                       0x080004ed   Thumb Code    44  blackbox_log.o(i.BlackBoxLog_Format)
    BlackBoxLog_GetCount                     0x08000525   Thumb Code     6  blackbox_log.o(i.BlackBoxLog_GetCount)
    BlackBoxLog_Init                         0x08000531   Thumb Code    98  blackbox_log.o(i.BlackBoxLog_Init)
    BusFault_Handler                         0x080005a5   Thumb Code     4  stm32f10x_it.o(i.BusFault_Handler)
    Buzzer_Init                              0x080005a9   Thumb Code    46  buzzer.o(i.Buzzer_Init)
    Buzzer_Off                               0x080005dd   Thumb Code    12  buzzer.o(i.Buzzer_Off)
    Buzzer_On                                0x080005ed   Thumb Code    12  buzzer.o(i.Buzzer_On)
    DebugMon_Handler                         0x080005fd   Thumb Code     2  stm32f10x_it.o(i.DebugMon_Handler)
    Delay_ms                                 0x080005ff   Thumb Code    24  delay.o(i.Delay_ms)
    Delay_us                                 0x08000617   Thumb Code    46  delay.o(i.Delay_us)
    GPIO_Init                                0x08000645   Thumb Code   278  stm32f10x_gpio.o(i.GPIO_Init)
    GPIO_ReadInputDataBit                    0x0800075b   Thumb Code    18  stm32f10x_gpio.o(i.GPIO_ReadInputDataBit)
    GPIO_ResetBits                           0x0800076d   Thumb Code     4  stm32f10x_gpio.o(i.GPIO_ResetBits)
    GPIO_SetBits                             0x08000771   Thumb Code     4  stm32f10x_gpio.o(i.GPIO_SetBits)
    GPIO_WriteBit                            0x08000775   Thumb Code    10  stm32f10x_gpio.o(i.GPIO_WriteBit)
    HardFault_Handler                        0x0800077f   Thumb Code     4  stm32f10x_it.o(i.HardFault_Handler)
    MPU6050_GetData                          0x08000783   Thumb Code   132  mpu6050.o(i.MPU6050_GetData)
    MPU6050_Init                             0x08000807   Thumb Code    56  mpu6050.o(i.MPU6050_Init)
    MemManage_Handler                        0x08000851   Thumb Code     4  stm32f10x_it.o(i.MemManage_Handler)
    MotionDetect_SetBaseline                 0x08000919   Thumb Code    50  motion_detect.o(i.MotionDetect_SetBaseline)
    MotionDetect_Update                      0x08000961   Thumb Code   216  motion_detect.o(i.MotionDetect_Update)
    MySPI_Init                               0x08000a4d   Thumb Code   190  myspi.o(i.MySPI_Init)
    MySPI_Start                              0x08000b15   Thumb Code    12  myspi.o(i.MySPI_Start)
    MySPI_Stop                               0x08000b25   Thumb Code    12  myspi.o(i.MySPI_Stop)
    MySPI_SwapByte                           0x08000b35   Thumb Code    50  myspi.o(i.MySPI_SwapByte)
    NMI_Handler                              0x08000b6d   Thumb Code     2  stm32f10x_it.o(i.NMI_Handler)
    OLED_Clear                               0x08000b6f   Thumb Code    42  oled.o(i.OLED_Clear)
    OLED_I2C_Init                            0x08000b99   Thumb Code    76  oled.o(i.OLED_I2C_Init)
    OLED_I2C_SendByte                        0x08000be9   Thumb Code    88  oled.o(i.OLED_I2C_SendByte)
    OLED_I2C_Start                           0x08000c45   Thumb Code    48  oled.o(i.OLED_I2C_Start)
    OLED_I2C_Stop                            0x08000c79   Thumb Code    36  oled.o(i.OLED_I2C_Stop)
    OLED_Init                                0x08000ca1   Thumb Code   174  oled.o(i.OLED_Init)
    OLED_Pow                                 0x08000d4f   Thumb Code    20  oled.o(i.OLED_Pow)
    OLED_SetCursor                           0x08000d63   Thumb Code    34  oled.o(i.OLED_SetCursor)
    OLED_ShowChar                            0x08000d85   Thumb Code   110  oled.o(i.OLED_ShowChar)
    OLED_ShowNum                             0x08000df9   Thumb Code    68  oled.o(i.OLED_ShowNum)
    OLED_ShowSignedNum                       0x08000e3d   Thumb Code   102  oled.o(i.OLED_ShowSignedNum)
    OLED_ShowString                          0x08000ea3   Thumb Code    40  oled.o(i.OLED_ShowString)
    OLED_WriteCommand                        0x08000ecb   Thumb Code    32  oled.o(i.OLED_WriteCommand)
    OLED_WriteData                           0x08000eeb   Thumb Code    32  oled.o(i.OLED_WriteData)
    PendSV_Handler                           0x08000f0b   Thumb Code     2  stm32f10x_it.o(i.PendSV_Handler)
    RCC_APB2PeriphClockCmd                   0x08000f0d   Thumb Code    26  stm32f10x_rcc.o(i.RCC_APB2PeriphClockCmd)
    SPI_Cmd                                  0x08000f2d   Thumb Code    24  stm32f10x_spi.o(i.SPI_Cmd)
    SPI_I2S_GetFlagStatus                    0x08000f45   Thumb Code    18  stm32f10x_spi.o(i.SPI_I2S_GetFlagStatus)
    SPI_I2S_ReceiveData                      0x08000f57   Thumb Code     6  stm32f10x_spi.o(i.SPI_I2S_ReceiveData)
    SPI_I2S_SendData                         0x08000f5d   Thumb Code     4  stm32f10x_spi.o(i.SPI_I2S_SendData)
    SPI_Init                                 0x08000f61   Thumb Code    60  stm32f10x_spi.o(i.SPI_Init)
    SVC_Handler                              0x08000f9d   Thumb Code     2  stm32f10x_it.o(i.SVC_Handler)
    SoftI2C_Init                             0x08001099   Thumb Code    76  softi2c.o(i.SoftI2C_Init)
    SoftI2C_ReadRegs                         0x080010e9   Thumb Code    88  softi2c.o(i.SoftI2C_ReadRegs)
    SoftI2C_ReceiveByte                      0x08001141   Thumb Code    76  softi2c.o(i.SoftI2C_ReceiveByte)
    SoftI2C_SendAck                          0x080011d9   Thumb Code    66  softi2c.o(i.SoftI2C_SendAck)
    SoftI2C_SendByte                         0x08001221   Thumb Code   140  softi2c.o(i.SoftI2C_SendByte)
    SoftI2C_Start                            0x080012b1   Thumb Code    64  softi2c.o(i.SoftI2C_Start)
    SoftI2C_Stop                             0x080012f5   Thumb Code    52  softi2c.o(i.SoftI2C_Stop)
    SoftI2C_WriteReg                         0x0800132d   Thumb Code    68  softi2c.o(i.SoftI2C_WriteReg)
    SysTick_Handler                          0x08001371   Thumb Code     2  stm32f10x_it.o(i.SysTick_Handler)
    SystemInit                               0x08001375   Thumb Code    78  system_stm32f10x.o(i.SystemInit)
    UI_Init                                  0x080013d5   Thumb Code    12  ui.o(i.UI_Init)
    UI_ShowMessage                           0x08001465   Thumb Code    76  ui.o(i.UI_ShowMessage)
    UI_Update                                0x080014b1   Thumb Code   142  ui.o(i.UI_Update)
    UsageFault_Handler                       0x08001555   Thumb Code     4  stm32f10x_it.o(i.UsageFault_Handler)
    W25Qxx_Init                              0x08001559   Thumb Code     8  w25qxx.o(i.W25Qxx_Init)
    W25Qxx_PageProgram                       0x08001561   Thumb Code    76  w25qxx.o(i.W25Qxx_PageProgram)
    W25Qxx_ReadData                          0x080015ad   Thumb Code    70  w25qxx.o(i.W25Qxx_ReadData)
    W25Qxx_SectorErase                       0x0800160f   Thumb Code    50  w25qxx.o(i.W25Qxx_SectorErase)
    __ARM_fpclassifyf                        0x08001665   Thumb Code    38  fpclassifyf.o(i.__ARM_fpclassifyf)
    __mathlib_flt_infnan2                    0x0800168b   Thumb Code     4  funder.o(i.__mathlib_flt_infnan2)
    __mathlib_flt_underflow                  0x0800168f   Thumb Code    10  funder.o(i.__mathlib_flt_underflow)
    atan2f                                   0x08001699   Thumb Code   528  atan2f.o(i.atan2f)
    main                                     0x080018f5   Thumb Code    18  main.o(i.main)
    sqrtf                                    0x08001907   Thumb Code    44  sqrtf.o(i.sqrtf)
    __aeabi_fadd                             0x08001935   Thumb Code     0  faddsub_clz.o(x$fpl$fadd)
    _fadd                                    0x08001935   Thumb Code   196  faddsub_clz.o(x$fpl$fadd)
    __fpl_fcheck_NaN1                        0x080019f9   Thumb Code     6  fcheck1.o(x$fpl$fcheck1)
    __aeabi_fdiv                             0x08001a05   Thumb Code     0  fdiv.o(x$fpl$fdiv)
    _fdiv                                    0x08001a05   Thumb Code   384  fdiv.o(x$fpl$fdiv)
    __aeabi_f2iz                             0x08001b89   Thumb Code     0  ffix.o(x$fpl$ffix)
    _ffix                                    0x08001b89   Thumb Code    54  ffix.o(x$fpl$ffix)
    __aeabi_i2f                              0x08001bc1   Thumb Code     0  fflt_clz.o(x$fpl$fflt)
    _fflt                                    0x08001bc1   Thumb Code    48  fflt_clz.o(x$fpl$fflt)
    __aeabi_fmul                             0x08001bf1   Thumb Code     0  fmul.o(x$fpl$fmul)
    _fmul                                    0x08001bf1   Thumb Code   258  fmul.o(x$fpl$fmul)
    __fpl_fnaninf                            0x08001cf3   Thumb Code   140  fnaninf.o(x$fpl$fnaninf)
    __fpl_fretinf                            0x08001d7f   Thumb Code    10  fretinf.o(x$fpl$fretinf)
    __aeabi_frsub                            0x08001d89   Thumb Code     0  faddsub_clz.o(x$fpl$frsb)
    _frsb                                    0x08001d89   Thumb Code    20  faddsub_clz.o(x$fpl$frsb)
    _fsqrt                                   0x08001d9d   Thumb Code   272  fsqrt.o(x$fpl$fsqrt)
    __aeabi_fsub                             0x08001ead   Thumb Code     0  faddsub_clz.o(x$fpl$fsub)
    _fsub                                    0x08001ead   Thumb Code   234  faddsub_clz.o(x$fpl$fsub)
    __fpl_return_NaN                         0x08001f97   Thumb Code   100  retnan.o(x$fpl$retnan)
    __ARM_scalbnf                            0x08001ffb   Thumb Code    76  scalbnf.o(x$fpl$scalbnf)
    __fpl_cmpreturn                          0x08002047   Thumb Code    48  trapv.o(x$fpl$trapveneer)
    OLED_F8x16                               0x08002076   Data        1520  oled.o(.constdata)
    __I$use$fp                               0x08002076   Number         0  usenofp.o(x$fpl$usenofp)
    Region$$Table$$Base                      0x08002668   Number         0  anon$$obj.o(Region$$Table)
    Region$$Table$$Limit                     0x08002688   Number         0  anon$$obj.o(Region$$Table)
    __libspace_start                         0x2000002c   Data          96  libspace.o(.bss)
    __temporary_stack_top$libspace           0x2000008c   Data           0  libspace.o(.bss)



==============================================================================

Memory Map of the image

  Image Entry point : 0x080000ed

  Load Region LR_IROM1 (Base: 0x08000000, Size: 0x000026a8, Max: 0x00010000, ABSOLUTE)

    Execution Region ER_IROM1 (Exec base: 0x08000000, Load base: 0x08000000, Size: 0x00002688, Max: 0x00010000, ABSOLUTE)

    Exec Addr    Load Addr    Size         Type   Attr      Idx    E Section Name        Object

    0x08000000   0x08000000   0x000000ec   Data   RO           19    RESET               startup_stm32f10x_md.o
    0x080000ec   0x080000ec   0x00000008   Code   RO         3823  * !!!main             c_w.l(__main.o)
    0x080000f4   0x080000f4   0x00000034   Code   RO         4056    !!!scatter          c_w.l(__scatter.o)
    0x08000128   0x08000128   0x0000001a   Code   RO         4058    !!handler_copy      c_w.l(__scatter_copy.o)
    0x08000142   0x08000142   0x00000002   PAD
    0x08000144   0x08000144   0x0000001c   Code   RO         4060    !!handler_zi        c_w.l(__scatter_zi.o)
    0x08000160   0x08000160   0x00000002   Code   RO         3923    .ARM.Collect$$libinit$$00000000  c_w.l(libinit.o)
    0x08000162   0x08000162   0x00000000   Code   RO         3929    .ARM.Collect$$libinit$$00000002  c_w.l(libinit2.o)
    0x08000162   0x08000162   0x00000000   Code   RO         3931    .ARM.Collect$$libinit$$00000004  c_w.l(libinit2.o)
    0x08000162   0x08000162   0x00000000   Code   RO         3934    .ARM.Collect$$libinit$$0000000A  c_w.l(libinit2.o)
    0x08000162   0x08000162   0x00000000   Code   RO         3936    .ARM.Collect$$libinit$$0000000C  c_w.l(libinit2.o)
    0x08000162   0x08000162   0x00000000   Code   RO         3938    .ARM.Collect$$libinit$$0000000E  c_w.l(libinit2.o)
    0x08000162   0x08000162   0x00000000   Code   RO         3941    .ARM.Collect$$libinit$$00000011  c_w.l(libinit2.o)
    0x08000162   0x08000162   0x00000000   Code   RO         3943    .ARM.Collect$$libinit$$00000013  c_w.l(libinit2.o)
    0x08000162   0x08000162   0x00000000   Code   RO         3945    .ARM.Collect$$libinit$$00000015  c_w.l(libinit2.o)
    0x08000162   0x08000162   0x00000000   Code   RO         3947    .ARM.Collect$$libinit$$00000017  c_w.l(libinit2.o)
    0x08000162   0x08000162   0x00000000   Code   RO         3949    .ARM.Collect$$libinit$$00000019  c_w.l(libinit2.o)
    0x08000162   0x08000162   0x00000000   Code   RO         3951    .ARM.Collect$$libinit$$0000001B  c_w.l(libinit2.o)
    0x08000162   0x08000162   0x00000000   Code   RO         3953    .ARM.Collect$$libinit$$0000001D  c_w.l(libinit2.o)
    0x08000162   0x08000162   0x00000000   Code   RO         3955    .ARM.Collect$$libinit$$0000001F  c_w.l(libinit2.o)
    0x08000162   0x08000162   0x00000000   Code   RO         3957    .ARM.Collect$$libinit$$00000021  c_w.l(libinit2.o)
    0x08000162   0x08000162   0x00000000   Code   RO         3959    .ARM.Collect$$libinit$$00000023  c_w.l(libinit2.o)
    0x08000162   0x08000162   0x00000000   Code   RO         3961    .ARM.Collect$$libinit$$00000025  c_w.l(libinit2.o)
    0x08000162   0x08000162   0x00000000   Code   RO         3965    .ARM.Collect$$libinit$$0000002C  c_w.l(libinit2.o)
    0x08000162   0x08000162   0x00000000   Code   RO         3967    .ARM.Collect$$libinit$$0000002E  c_w.l(libinit2.o)
    0x08000162   0x08000162   0x00000000   Code   RO         3969    .ARM.Collect$$libinit$$00000030  c_w.l(libinit2.o)
    0x08000162   0x08000162   0x00000000   Code   RO         3971    .ARM.Collect$$libinit$$00000032  c_w.l(libinit2.o)
    0x08000162   0x08000162   0x00000002   Code   RO         3972    .ARM.Collect$$libinit$$00000033  c_w.l(libinit2.o)
    0x08000164   0x08000164   0x00000002   Code   RO         3996    .ARM.Collect$$libshutdown$$00000000  c_w.l(libshutdown.o)
    0x08000166   0x08000166   0x00000000   Code   RO         4009    .ARM.Collect$$libshutdown$$00000002  c_w.l(libshutdown2.o)
    0x08000166   0x08000166   0x00000000   Code   RO         4011    .ARM.Collect$$libshutdown$$00000004  c_w.l(libshutdown2.o)
    0x08000166   0x08000166   0x00000000   Code   RO         4014    .ARM.Collect$$libshutdown$$00000007  c_w.l(libshutdown2.o)
    0x08000166   0x08000166   0x00000000   Code   RO         4017    .ARM.Collect$$libshutdown$$0000000A  c_w.l(libshutdown2.o)
    0x08000166   0x08000166   0x00000000   Code   RO         4019    .ARM.Collect$$libshutdown$$0000000C  c_w.l(libshutdown2.o)
    0x08000166   0x08000166   0x00000000   Code   RO         4022    .ARM.Collect$$libshutdown$$0000000F  c_w.l(libshutdown2.o)
    0x08000166   0x08000166   0x00000002   Code   RO         4023    .ARM.Collect$$libshutdown$$00000010  c_w.l(libshutdown2.o)
    0x08000168   0x08000168   0x00000000   Code   RO         3859    .ARM.Collect$$rtentry$$00000000  c_w.l(__rtentry.o)
    0x08000168   0x08000168   0x00000000   Code   RO         3890    .ARM.Collect$$rtentry$$00000002  c_w.l(__rtentry2.o)
    0x08000168   0x08000168   0x00000006   Code   RO         3902    .ARM.Collect$$rtentry$$00000004  c_w.l(__rtentry4.o)
    0x0800016e   0x0800016e   0x00000000   Code   RO         3892    .ARM.Collect$$rtentry$$00000009  c_w.l(__rtentry2.o)
    0x0800016e   0x0800016e   0x00000004   Code   RO         3893    .ARM.Collect$$rtentry$$0000000A  c_w.l(__rtentry2.o)
    0x08000172   0x08000172   0x00000000   Code   RO         3895    .ARM.Collect$$rtentry$$0000000C  c_w.l(__rtentry2.o)
    0x08000172   0x08000172   0x00000008   Code   RO         3896    .ARM.Collect$$rtentry$$0000000D  c_w.l(__rtentry2.o)
    0x0800017a   0x0800017a   0x00000002   Code   RO         3926    .ARM.Collect$$rtexit$$00000000  c_w.l(rtexit.o)
    0x0800017c   0x0800017c   0x00000000   Code   RO         3976    .ARM.Collect$$rtexit$$00000002  c_w.l(rtexit2.o)
    0x0800017c   0x0800017c   0x00000004   Code   RO         3977    .ARM.Collect$$rtexit$$00000003  c_w.l(rtexit2.o)
    0x08000180   0x08000180   0x00000006   Code   RO         3978    .ARM.Collect$$rtexit$$00000004  c_w.l(rtexit2.o)
    0x08000186   0x08000186   0x00000002   PAD
    0x08000188   0x08000188   0x00000040   Code   RO           20    .text               startup_stm32f10x_md.o
    0x080001c8   0x080001c8   0x00000006   Code   RO         3821    .text               c_w.l(heapauxi.o)
    0x080001ce   0x080001ce   0x00000016   Code   RO         3860    .text               c_w.l(_rserrno.o)
    0x080001e4   0x080001e4   0x00000008   Code   RO         3907    .text               c_w.l(rt_errno_addr_intlibspace.o)
    0x080001ec   0x080001ec   0x00000008   Code   RO         3911    .text               c_w.l(libspace.o)
    0x080001f4   0x080001f4   0x0000004a   Code   RO         3914    .text               c_w.l(sys_stackheap_outer.o)
    0x0800023e   0x0800023e   0x00000012   Code   RO         3916    .text               c_w.l(exit.o)
    0x08000250   0x08000250   0x0000000c   Code   RO         3988    .text               c_w.l(sys_exit.o)
    0x0800025c   0x0800025c   0x00000002   Code   RO         3999    .text               c_w.l(use_no_semi.o)
    0x0800025e   0x0800025e   0x00000000   Code   RO         4001    .text               c_w.l(indicate_semi.o)
    0x0800025e   0x0800025e   0x0000000c   Code   RO          398    i.Alarm_Init        alarm.o
    0x0800026a   0x0800026a   0x00000058   Code   RO          399    i.Alarm_Update      alarm.o
    0x080002c2   0x080002c2   0x00000002   PAD
    0x080002c4   0x080002c4   0x00000100   Code   RO          241    i.App_Init          app.o
    0x080003c4   0x080003c4   0x000000ac   Code   RO          242    i.App_Loop          app.o
    0x08000470   0x08000470   0x0000007c   Code   RO          319    i.BlackBoxLog_Append  blackbox_log.o
    0x080004ec   0x080004ec   0x00000038   Code   RO          320    i.BlackBoxLog_Format  blackbox_log.o
    0x08000524   0x08000524   0x0000000c   Code   RO          321    i.BlackBoxLog_GetCount  blackbox_log.o
    0x08000530   0x08000530   0x00000074   Code   RO          322    i.BlackBoxLog_Init  blackbox_log.o
    0x080005a4   0x080005a4   0x00000004   Code   RO          178    i.BusFault_Handler  stm32f10x_it.o
    0x080005a8   0x080005a8   0x00000034   Code   RO         3702    i.Buzzer_Init       buzzer.o
    0x080005dc   0x080005dc   0x00000010   Code   RO         3703    i.Buzzer_Off        buzzer.o
    0x080005ec   0x080005ec   0x00000010   Code   RO         3704    i.Buzzer_On         buzzer.o
    0x080005fc   0x080005fc   0x00000002   Code   RO          179    i.DebugMon_Handler  stm32f10x_it.o
    0x080005fe   0x080005fe   0x00000018   Code   RO         3455    i.Delay_ms          delay.o
    0x08000616   0x08000616   0x0000002e   Code   RO         3457    i.Delay_us          delay.o
    0x08000644   0x08000644   0x00000116   Code   RO         1606    i.GPIO_Init         stm32f10x_gpio.o
    0x0800075a   0x0800075a   0x00000012   Code   RO         1610    i.GPIO_ReadInputDataBit  stm32f10x_gpio.o
    0x0800076c   0x0800076c   0x00000004   Code   RO         1613    i.GPIO_ResetBits    stm32f10x_gpio.o
    0x08000770   0x08000770   0x00000004   Code   RO         1614    i.GPIO_SetBits      stm32f10x_gpio.o
    0x08000774   0x08000774   0x0000000a   Code   RO         1617    i.GPIO_WriteBit     stm32f10x_gpio.o
    0x0800077e   0x0800077e   0x00000004   Code   RO          180    i.HardFault_Handler  stm32f10x_it.o
    0x08000782   0x08000782   0x00000084   Code   RO         3665    i.MPU6050_GetData   mpu6050.o
    0x08000806   0x08000806   0x00000038   Code   RO         3667    i.MPU6050_Init      mpu6050.o
    0x0800083e   0x0800083e   0x00000012   Code   RO         3669    i.MPU6050_WriteReg  mpu6050.o
    0x08000850   0x08000850   0x00000004   Code   RO          181    i.MemManage_Handler  stm32f10x_it.o
    0x08000854   0x08000854   0x00000010   Code   RO          280    i.MotionDetect_Abs16  motion_detect.o
    0x08000864   0x08000864   0x0000003c   Code   RO          281    i.MotionDetect_CalcPitch_x10  motion_detect.o
    0x080008a0   0x080008a0   0x00000078   Code   RO          282    i.MotionDetect_CalcRoll_x10  motion_detect.o
    0x08000918   0x08000918   0x00000048   Code   RO          283    i.MotionDetect_SetBaseline  motion_detect.o
    0x08000960   0x08000960   0x000000ec   Code   RO          284    i.MotionDetect_Update  motion_detect.o
    0x08000a4c   0x08000a4c   0x000000c8   Code   RO         3732    i.MySPI_Init        myspi.o
    0x08000b14   0x08000b14   0x00000010   Code   RO         3733    i.MySPI_Start       myspi.o
    0x08000b24   0x08000b24   0x00000010   Code   RO         3734    i.MySPI_Stop        myspi.o
    0x08000b34   0x08000b34   0x00000038   Code   RO         3735    i.MySPI_SwapByte    myspi.o
    0x08000b6c   0x08000b6c   0x00000002   Code   RO          182    i.NMI_Handler       stm32f10x_it.o
    0x08000b6e   0x08000b6e   0x0000002a   Code   RO         3479    i.OLED_Clear        oled.o
    0x08000b98   0x08000b98   0x00000050   Code   RO         3480    i.OLED_I2C_Init     oled.o
    0x08000be8   0x08000be8   0x0000005c   Code   RO         3481    i.OLED_I2C_SendByte  oled.o
    0x08000c44   0x08000c44   0x00000034   Code   RO         3482    i.OLED_I2C_Start    oled.o
    0x08000c78   0x08000c78   0x00000028   Code   RO         3483    i.OLED_I2C_Stop     oled.o
    0x08000ca0   0x08000ca0   0x000000ae   Code   RO         3484    i.OLED_Init         oled.o
    0x08000d4e   0x08000d4e   0x00000014   Code   RO         3485    i.OLED_Pow          oled.o
    0x08000d62   0x08000d62   0x00000022   Code   RO         3486    i.OLED_SetCursor    oled.o
    0x08000d84   0x08000d84   0x00000074   Code   RO         3488    i.OLED_ShowChar     oled.o
    0x08000df8   0x08000df8   0x00000044   Code   RO         3490    i.OLED_ShowNum      oled.o
    0x08000e3c   0x08000e3c   0x00000066   Code   RO         3491    i.OLED_ShowSignedNum  oled.o
    0x08000ea2   0x08000ea2   0x00000028   Code   RO         3492    i.OLED_ShowString   oled.o
    0x08000eca   0x08000eca   0x00000020   Code   RO         3493    i.OLED_WriteCommand  oled.o
    0x08000eea   0x08000eea   0x00000020   Code   RO         3494    i.OLED_WriteData    oled.o
    0x08000f0a   0x08000f0a   0x00000002   Code   RO          183    i.PendSV_Handler    stm32f10x_it.o
    0x08000f0c   0x08000f0c   0x00000020   Code   RO         2036    i.RCC_APB2PeriphClockCmd  stm32f10x_rcc.o
    0x08000f2c   0x08000f2c   0x00000018   Code   RO         2522    i.SPI_Cmd           stm32f10x_spi.o
    0x08000f44   0x08000f44   0x00000012   Code   RO         2530    i.SPI_I2S_GetFlagStatus  stm32f10x_spi.o
    0x08000f56   0x08000f56   0x00000006   Code   RO         2533    i.SPI_I2S_ReceiveData  stm32f10x_spi.o
    0x08000f5c   0x08000f5c   0x00000004   Code   RO         2534    i.SPI_I2S_SendData  stm32f10x_spi.o
    0x08000f60   0x08000f60   0x0000003c   Code   RO         2535    i.SPI_Init          stm32f10x_spi.o
    0x08000f9c   0x08000f9c   0x00000002   Code   RO          184    i.SVC_Handler       stm32f10x_it.o
    0x08000f9e   0x08000f9e   0x00000008   Code   RO           24    i.SetSysClock       system_stm32f10x.o
    0x08000fa6   0x08000fa6   0x00000002   PAD
    0x08000fa8   0x08000fa8   0x000000e0   Code   RO           25    i.SetSysClockTo72   system_stm32f10x.o
    0x08001088   0x08001088   0x0000000e   Code   RO         3587    i.SoftI2C_Delay     softi2c.o
    0x08001096   0x08001096   0x00000002   PAD
    0x08001098   0x08001098   0x00000050   Code   RO         3588    i.SoftI2C_Init      softi2c.o
    0x080010e8   0x080010e8   0x00000058   Code   RO         3590    i.SoftI2C_ReadRegs  softi2c.o
    0x08001140   0x08001140   0x00000050   Code   RO         3591    i.SoftI2C_ReceiveByte  softi2c.o
    0x08001190   0x08001190   0x00000024   Code   RO         3592    i.SoftI2C_SDA_Mode_In  softi2c.o
    0x080011b4   0x080011b4   0x00000024   Code   RO         3593    i.SoftI2C_SDA_Mode_Out  softi2c.o
    0x080011d8   0x080011d8   0x00000048   Code   RO         3594    i.SoftI2C_SendAck   softi2c.o
    0x08001220   0x08001220   0x00000090   Code   RO         3595    i.SoftI2C_SendByte  softi2c.o
    0x080012b0   0x080012b0   0x00000044   Code   RO         3596    i.SoftI2C_Start     softi2c.o
    0x080012f4   0x080012f4   0x00000038   Code   RO         3597    i.SoftI2C_Stop      softi2c.o
    0x0800132c   0x0800132c   0x00000044   Code   RO         3598    i.SoftI2C_WriteReg  softi2c.o
    0x08001370   0x08001370   0x00000002   Code   RO          185    i.SysTick_Handler   stm32f10x_it.o
    0x08001372   0x08001372   0x00000002   PAD
    0x08001374   0x08001374   0x00000060   Code   RO           27    i.SystemInit        system_stm32f10x.o
    0x080013d4   0x080013d4   0x0000000c   Code   RO          366    i.UI_Init           ui.o
    0x080013e0   0x080013e0   0x00000084   Code   RO          367    i.UI_ShowEventName  ui.o
    0x08001464   0x08001464   0x0000004c   Code   RO          368    i.UI_ShowMessage    ui.o
    0x080014b0   0x080014b0   0x000000a4   Code   RO          369    i.UI_Update         ui.o
    0x08001554   0x08001554   0x00000004   Code   RO          186    i.UsageFault_Handler  stm32f10x_it.o
    0x08001558   0x08001558   0x00000008   Code   RO         3765    i.W25Qxx_Init       w25qxx.o
    0x08001560   0x08001560   0x0000004c   Code   RO         3766    i.W25Qxx_PageProgram  w25qxx.o
    0x080015ac   0x080015ac   0x00000046   Code   RO         3767    i.W25Qxx_ReadData   w25qxx.o
    0x080015f2   0x080015f2   0x0000001c   Code   RO         3769    i.W25Qxx_ReadStatusReg1  w25qxx.o
    0x0800160e   0x0800160e   0x00000032   Code   RO         3770    i.W25Qxx_SectorErase  w25qxx.o
    0x08001640   0x08001640   0x00000012   Code   RO         3771    i.W25Qxx_WaitBusy   w25qxx.o
    0x08001652   0x08001652   0x00000012   Code   RO         3772    i.W25Qxx_WriteEnable  w25qxx.o
    0x08001664   0x08001664   0x00000026   Code   RO         3873    i.__ARM_fpclassifyf  m_ws.l(fpclassifyf.o)
    0x0800168a   0x0800168a   0x00000004   Code   RO         3877    i.__mathlib_flt_infnan2  m_ws.l(funder.o)
    0x0800168e   0x0800168e   0x0000000a   Code   RO         3881    i.__mathlib_flt_underflow  m_ws.l(funder.o)
    0x08001698   0x08001698   0x0000025c   Code   RO         3844    i.atan2f            m_ws.l(atan2f.o)
    0x080018f4   0x080018f4   0x00000012   Code   RO          137    i.main              main.o
    0x08001906   0x08001906   0x0000002c   Code   RO         3852    i.sqrtf             m_ws.l(sqrtf.o)
    0x08001932   0x08001932   0x00000002   PAD
    0x08001934   0x08001934   0x000000c4   Code   RO         3825    x$fpl$fadd          fz_ws.l(faddsub_clz.o)
    0x080019f8   0x080019f8   0x0000000c   Code   RO         3924    x$fpl$fcheck1       fz_ws.l(fcheck1.o)
    0x08001a04   0x08001a04   0x00000184   Code   RO         3863    x$fpl$fdiv          fz_ws.l(fdiv.o)
    0x08001b88   0x08001b88   0x00000036   Code   RO         3831    x$fpl$ffix          fz_ws.l(ffix.o)
    0x08001bbe   0x08001bbe   0x00000002   PAD
    0x08001bc0   0x08001bc0   0x00000030   Code   RO         3836    x$fpl$fflt          fz_ws.l(fflt_clz.o)
    0x08001bf0   0x08001bf0   0x00000102   Code   RO         3841    x$fpl$fmul          fz_ws.l(fmul.o)
    0x08001cf2   0x08001cf2   0x0000008c   Code   RO         3866    x$fpl$fnaninf       fz_ws.l(fnaninf.o)
    0x08001d7e   0x08001d7e   0x0000000a   Code   RO         3868    x$fpl$fretinf       fz_ws.l(fretinf.o)
    0x08001d88   0x08001d88   0x00000014   Code   RO         3826    x$fpl$frsb          fz_ws.l(faddsub_clz.o)
    0x08001d9c   0x08001d9c   0x00000110   Code   RO         3870    x$fpl$fsqrt         fz_ws.l(fsqrt.o)
    0x08001eac   0x08001eac   0x000000ea   Code   RO         3827    x$fpl$fsub          fz_ws.l(faddsub_clz.o)
    0x08001f96   0x08001f96   0x00000064   Code   RO         3973    x$fpl$retnan        fz_ws.l(retnan.o)
    0x08001ffa   0x08001ffa   0x0000004c   Code   RO         3909    x$fpl$scalbnf       fz_ws.l(scalbnf.o)
    0x08002046   0x08002046   0x00000030   Code   RO         3986    x$fpl$trapveneer    fz_ws.l(trapv.o)
    0x08002076   0x08002076   0x00000000   Code   RO         3872    x$fpl$usenofp       fz_ws.l(usenofp.o)
    0x08002076   0x08002076   0x000005f0   Data   RO         3495    .constdata          oled.o
    0x08002666   0x08002666   0x00000002   PAD
    0x08002668   0x08002668   0x00000020   Data   RO         4054    Region$$Table       anon$$obj.o


    Execution Region RW_IRAM1 (Exec base: 0x20000000, Load base: 0x08002688, Size: 0x00000690, Max: 0x00005000, ABSOLUTE)

    Exec Addr    Load Addr    Size         Type   Attr      Idx    E Section Name        Object

    0x20000000   0x08002688   0x00000008   Data   RW          244    .data               app.o
    0x20000008   0x08002690   0x0000000a   Data   RW          285    .data               motion_detect.o
    0x20000012   0x0800269a   0x00000002   PAD
    0x20000014   0x0800269c   0x0000000c   Data   RW          325    .data               blackbox_log.o
    0x20000020        -       0x0000000a   Zero   RW          243    .bss                app.o
    0x2000002a   0x080026a8   0x00000002   PAD
    0x2000002c        -       0x00000060   Zero   RW         3912    .bss                c_w.l(libspace.o)
    0x2000008c   0x080026a8   0x00000004   PAD
    0x20000090        -       0x00000200   Zero   RW           18    HEAP                startup_stm32f10x_md.o
    0x20000290        -       0x00000400   Zero   RW           17    STACK               startup_stm32f10x_md.o


==============================================================================

Image component sizes


      Code (inc. data)   RO Data    RW Data    ZI Data      Debug   Object Name

       100          0          0          0          0        984   alarm.o
       428         94          0          8         10       2346   app.o
       308         52          0         12          0       2604   blackbox_log.o
        84         14          0          0          0       1295   buzzer.o
         0          0          0          0          0       4532   core_cm3.o
        70          0          0          0          0        898   delay.o
        18          0          0          0          0     202087   main.o
       504         54          0         10          0       3969   motion_detect.o
       206          0          0          0          0       2193   mpu6050.o
       288         24          0          0          0       1969   myspi.o
       924         22       1520          0          0       8074   oled.o
       742         34          0          0          0       6307   softi2c.o
        64         26        236          0       1536        772   startup_stm32f10x_md.o
       314          0          0          0          0      12248   stm32f10x_gpio.o
        26          0          0          0          0       3630   stm32f10x_it.o
        32          6          0          0          0        525   stm32f10x_rcc.o
       112          0          0          0          0      10402   stm32f10x_spi.o
       328         28          0          0          0      16973   system_stm32f10x.o
       384         66          0          0          0       2339   ui.o
       268          0          0          0          0       3906   w25qxx.o

    ----------------------------------------------------------------------
      5208        420       1790         32       1548     288053   Object Totals
         0          0         32          0          0          0   (incl. Generated)
         8          0          2          2          2          0   (incl. Padding)

    ----------------------------------------------------------------------

      Code (inc. data)   RO Data    RW Data    ZI Data      Debug   Library Member Name

         8          0          0          0          0         68   __main.o
         0          0          0          0          0          0   __rtentry.o
        12          0          0          0          0          0   __rtentry2.o
         6          0          0          0          0          0   __rtentry4.o
        52          8          0          0          0          0   __scatter.o
        26          0          0          0          0          0   __scatter_copy.o
        28          0          0          0          0          0   __scatter_zi.o
        22          0          0          0          0        100   _rserrno.o
        18          0          0          0          0         80   exit.o
         6          0          0          0          0        152   heapauxi.o
         0          0          0          0          0          0   indicate_semi.o
         2          0          0          0          0          0   libinit.o
         2          0          0          0          0          0   libinit2.o
         2          0          0          0          0          0   libshutdown.o
         2          0          0          0          0          0   libshutdown2.o
         8          4          0          0         96         68   libspace.o
         8          4          0          0          0         68   rt_errno_addr_intlibspace.o
         2          0          0          0          0          0   rtexit.o
        10          0          0          0          0          0   rtexit2.o
        12          4          0          0          0         68   sys_exit.o
        74          0          0          0          0         80   sys_stackheap_outer.o
         2          0          0          0          0         68   use_no_semi.o
       450          8          0          0          0        236   faddsub_clz.o
        12          4          0          0          0         68   fcheck1.o
       388         76          0          0          0         96   fdiv.o
        54          4          0          0          0         84   ffix.o
        48          0          0          0          0         68   fflt_clz.o
       258          4          0          0          0         84   fmul.o
       140          4          0          0          0         84   fnaninf.o
        10          0          0          0          0         68   fretinf.o
       272        100          0          0          0         88   fsqrt.o
       100          0          0          0          0         68   retnan.o
        76          0          0          0          0         68   scalbnf.o
        48          0          0          0          0         68   trapv.o
         0          0          0          0          0          0   usenofp.o
       604         76          0          0          0        116   atan2f.o
        38          0          0          0          0         68   fpclassifyf.o
        14          0          0          0          0        136   funder.o
        44          0          0          0          0         80   sqrtf.o

    ----------------------------------------------------------------------
      2866        296          0          0        100       2232   Library Totals
         8          0          0          0          4          0   (incl. Padding)

    ----------------------------------------------------------------------

      Code (inc. data)   RO Data    RW Data    ZI Data      Debug   Library Name

       302         20          0          0         96        752   c_w.l
      1856        200          0          0          0       1080   fz_ws.l
       700         76          0          0          0        400   m_ws.l

    ----------------------------------------------------------------------
      2866        296          0          0        100       2232   Library Totals

    ----------------------------------------------------------------------

==============================================================================


      Code (inc. data)   RO Data    RW Data    ZI Data      Debug   

      8074        716       1790         32       1648     284873   Grand Totals
      8074        716       1790         32       1648     284873   ELF Image Totals
      8074        716       1790         32          0          0   ROM Totals

==============================================================================

    Total RO  Size (Code + RO Data)                 9864 (   9.63kB)
    Total RW  Size (RW Data + ZI Data)              1680 (   1.64kB)
    Total ROM Size (Code + RO Data + RW Data)       9896 (   9.66kB)

==============================================================================

